 vmr_rwd_fix_leftarm_sfun

 Timestamp is 5bdc74fa (Fri Nov 02 12:02:02 2018)

 Preferred load address is 0000000180000000

 Start         Length     Name                   Class
 0001:00000000 001549f8H .text                   CODE
 0001:00154a00 00000092H .text$x                 CODE
 0002:00000000 000005d8H .idata$5                DATA
 0002:000005d8 00000008H .CRT$XCA                DATA
 0002:000005e0 00000008H .CRT$XCZ                DATA
 0002:000005e8 00000008H .CRT$XIA                DATA
 0002:000005f0 00000008H .CRT$XIAA               DATA
 0002:000005f8 00000008H .CRT$XIZ                DATA
 0002:00000600 000029e4H .rdata                  DATA
 0002:00002fe8 00000008H .rtc$IAA                DATA
 0002:00002ff0 00000008H .rtc$IZZ                DATA
 0002:00002ff8 00000008H .rtc$TAA                DATA
 0002:00003000 00000008H .rtc$TZZ                DATA
 0002:00003008 00003a34H .xdata                  DATA
 0002:00006a3c 0000008cH .idata$2                DATA
 0002:00006ac8 00000014H .idata$3                DATA
 0002:00006ae0 000005d8H .idata$4                DATA
 0002:000070b8 00001152H .idata$6                DATA
 0002:00008210 0000005eH .edata                  DATA
 0003:00000000 00022a18H .data                   DATA
 0003:00022a20 00001590H .bss                    DATA
 0004:00000000 00004ec0H .pdata                  DATA

  Address         Publics by Value              Rva+Base               Lib:Object

 0000:00000000       ___safe_se_handler_table   0000000000000000     <absolute>
 0000:00000000       ___safe_se_handler_count   0000000000000000     <absolute>
 0000:00000000       __ImageBase                0000000180000000     <linker-defined>
 0001:00000000       vmr_rwd_fix_leftarm_initializer 0000000180001000 f   vmr_rwd_fix_leftarm_sfun.obj
 0001:000008e0       vmr_rwd_fix_leftarm_terminator 00000001800018e0 f   vmr_rwd_fix_leftarm_sfun.obj
 0001:000008f0       sf_vmr_rwd_fix_leftarm_method_dispatcher 00000001800018f0 f   vmr_rwd_fix_leftarm_sfun.obj
 0001:00000960       sf_vmr_rwd_fix_leftarm_uses_exported_functions 0000000180001960 f   vmr_rwd_fix_leftarm_sfun.obj
 0001:000009a0       sf_vmr_rwd_fix_leftarm_process_testpoint_info_call 00000001800019a0 f   vmr_rwd_fix_leftarm_sfun.obj
 0001:00000b40       sf_vmr_rwd_fix_leftarm_process_check_sum_call 0000000180001b40 f   vmr_rwd_fix_leftarm_sfun.obj
 0001:00000ee0       sf_vmr_rwd_fix_leftarm_autoinheritance_info 0000000180001ee0 f   vmr_rwd_fix_leftarm_sfun.obj
 0001:000010a0       sf_vmr_rwd_fix_leftarm_get_eml_resolved_functions_info 00000001800020a0 f   vmr_rwd_fix_leftarm_sfun.obj
 0001:00001210       sf_vmr_rwd_fix_leftarm_third_party_uses_info 0000000180002210 f   vmr_rwd_fix_leftarm_sfun.obj
 0001:00001390       sf_vmr_rwd_fix_leftarm_jit_fallback_info 0000000180002390 f   vmr_rwd_fix_leftarm_sfun.obj
 0001:00001510       sf_vmr_rwd_fix_leftarm_updateBuildInfo_args_info 0000000180002510 f   vmr_rwd_fix_leftarm_sfun.obj
 0001:00001690       sf_vmr_rwd_fix_leftarm_get_post_codegen_info 0000000180002690 f   vmr_rwd_fix_leftarm_sfun.obj
 0001:00001790       vmr_rwd_fix_leftarm_debug_initialize 0000000180002790 f   vmr_rwd_fix_leftarm_sfun.obj
 0001:00003b80       vmr_rwd_fix_leftarm_register_exported_symbols 0000000180004b80 f   vmr_rwd_fix_leftarm_sfun.obj
 0001:00003b90       load_vmr_rwd_fix_leftarm_optimization_info 0000000180004b90 f   vmr_rwd_fix_leftarm_sfun.obj
 0001:00003be0       unload_vmr_rwd_fix_leftarm_optimization_info 0000000180004be0 f   vmr_rwd_fix_leftarm_sfun.obj
 0001:00003c10       sf_c1_vmr_rwd_fix_leftarm_get_eml_resolved_functions_info 0000000180004c10 f   c1_vmr_rwd_fix_leftarm.obj
 0001:00003c90       sf_c1_vmr_rwd_fix_leftarm_get_check_sum 0000000180004c90 f   c1_vmr_rwd_fix_leftarm.obj
 0001:00003d10       sf_c1_vmr_rwd_fix_leftarm_get_autoinheritance_info 0000000180004d10 f   c1_vmr_rwd_fix_leftarm.obj
 0001:00006140       sf_c1_vmr_rwd_fix_leftarm_third_party_uses_info 0000000180007140 f   c1_vmr_rwd_fix_leftarm.obj
 0001:00006170       sf_c1_vmr_rwd_fix_leftarm_jit_fallback_info 0000000180007170 f   c1_vmr_rwd_fix_leftarm.obj
 0001:000062b0       sf_c1_vmr_rwd_fix_leftarm_updateBuildInfo_args_info 00000001800072b0 f   c1_vmr_rwd_fix_leftarm.obj
 0001:000062e0       sf_c1_vmr_rwd_fix_leftarm_get_post_codegen_info 00000001800072e0 f   c1_vmr_rwd_fix_leftarm.obj
 0001:000063b0       sf_c1_vmr_rwd_fix_leftarm_get_testpoint_info 00000001800073b0 f   c1_vmr_rwd_fix_leftarm.obj
 0001:000063c0       c1_vmr_rwd_fix_leftarm_method_dispatcher 00000001800073c0 f   c1_vmr_rwd_fix_leftarm.obj
 0001:000275e0       sf_c11_vmr_rwd_fix_leftarm_get_eml_resolved_functions_info 00000001800285e0 f   c11_vmr_rwd_fix_leftarm.obj
 0001:00027660       sf_c11_vmr_rwd_fix_leftarm_get_check_sum 0000000180028660 f   c11_vmr_rwd_fix_leftarm.obj
 0001:000276e0       sf_c11_vmr_rwd_fix_leftarm_get_autoinheritance_info 00000001800286e0 f   c11_vmr_rwd_fix_leftarm.obj
 0001:00028300       sf_c11_vmr_rwd_fix_leftarm_third_party_uses_info 0000000180029300 f   c11_vmr_rwd_fix_leftarm.obj
 0001:00028330       sf_c11_vmr_rwd_fix_leftarm_jit_fallback_info 0000000180029330 f   c11_vmr_rwd_fix_leftarm.obj
 0001:00028470       sf_c11_vmr_rwd_fix_leftarm_updateBuildInfo_args_info 0000000180029470 f   c11_vmr_rwd_fix_leftarm.obj
 0001:000284a0       sf_c11_vmr_rwd_fix_leftarm_get_post_codegen_info 00000001800294a0 f   c11_vmr_rwd_fix_leftarm.obj
 0001:00028570       sf_c11_vmr_rwd_fix_leftarm_get_testpoint_info 0000000180029570 f   c11_vmr_rwd_fix_leftarm.obj
 0001:00028580       c11_vmr_rwd_fix_leftarm_method_dispatcher 0000000180029580 f   c11_vmr_rwd_fix_leftarm.obj
 0001:00036830       sf_process_check_sum_call  0000000180037830 f   vmr_rwd_fix_leftarm_sfun_registry.obj
 0001:000368e0       sf_process_machine_uses_exported_functions_call 00000001800378e0 f   vmr_rwd_fix_leftarm_sfun_registry.obj
 0001:00036b20       sf_process_testpoint_info_call 0000000180037b20 f   vmr_rwd_fix_leftarm_sfun_registry.obj
 0001:00036bd0       sf_process_autoinheritance_call 0000000180037bd0 f   vmr_rwd_fix_leftarm_sfun_registry.obj
 0001:00036f50       sf_process_get_third_party_uses_info_call 0000000180037f50 f   vmr_rwd_fix_leftarm_sfun_registry.obj
 0001:000372d0       sf_process_get_jit_fallback_info_call 00000001800382d0 f   vmr_rwd_fix_leftarm_sfun_registry.obj
 0001:00037650       sf_process_get_updateBuildInfo_args_info_call 0000000180038650 f   vmr_rwd_fix_leftarm_sfun_registry.obj
 0001:000379d0       sf_process_get_eml_resolved_functions_info_call 00000001800389d0 f   vmr_rwd_fix_leftarm_sfun_registry.obj
 0001:00037cc0       sf_process_get_post_codegen_info 0000000180038cc0 f   vmr_rwd_fix_leftarm_sfun_registry.obj
 0001:00037f00       sf_mex_unlock_call         0000000180038f00 f   vmr_rwd_fix_leftarm_sfun_registry.obj
 0001:00037fb0       sf_machine_global_initializer_called 0000000180038fb0 f   vmr_rwd_fix_leftarm_sfun_registry.obj
 0001:00037fe0       sf_machine_global_method_dispatcher 0000000180038fe0 f   vmr_rwd_fix_leftarm_sfun_registry.obj
 0001:000380f0       sf_machine_global_terminator 00000001800390f0 f   vmr_rwd_fix_leftarm_sfun_registry.obj
 0001:00038150       sf_register_machine_exported_symbols 0000000180039150 f   vmr_rwd_fix_leftarm_sfun_registry.obj
 0001:00038190       callCustomFcn              0000000180039190 f   vmr_rwd_fix_leftarm_sfun_registry.obj
 0001:000381a0       sf_machine_global_initializer 00000001800391a0 f   vmr_rwd_fix_leftarm_sfun_registry.obj
 0001:00038270       mdlGetSimState             0000000180039270 f   vmr_rwd_fix_leftarm_sfun_registry.obj
 0001:000382f0       mdlSetSimState             00000001800392f0 f   vmr_rwd_fix_leftarm_sfun_registry.obj
 0001:00038330       _ssSetStateAbsTol          0000000180039330 f   vmr_rwd_fix_leftarm_sfun_registry.obj
 0001:00038410       _ssGetAbsTol               0000000180039410 f   vmr_rwd_fix_leftarm_sfun_registry.obj
 0001:00038480       _ssSetInputPortMatrixDimensions 0000000180039480 f   vmr_rwd_fix_leftarm_sfun_registry.obj
 0001:00038590       _ssSetOutputPortMatrixDimensions 0000000180039590 f   vmr_rwd_fix_leftarm_sfun_registry.obj
 0001:000386a0       _ssSetInputPortVectorDimension 00000001800396a0 f   vmr_rwd_fix_leftarm_sfun_registry.obj
 0001:00038770       _ssSetOutputPortVectorDimension 0000000180039770 f   vmr_rwd_fix_leftarm_sfun_registry.obj
 0001:00038840       _ssSetSymbolicDimsSupport  0000000180039840 f   vmr_rwd_fix_leftarm_sfun_registry.obj
 0001:000388b0       _ssRegisterSymbolicDimsExpr 00000001800398b0 f   vmr_rwd_fix_leftarm_sfun_registry.obj
 0001:00038930       _ssRegisterSymbolicDims    0000000180039930 f   vmr_rwd_fix_leftarm_sfun_registry.obj
 0001:000389d0       _ssRegisterSymbolicDimsString 00000001800399d0 f   vmr_rwd_fix_leftarm_sfun_registry.obj
 0001:00038a50       _ssRegisterSymbolicDimsIntValue 0000000180039a50 f   vmr_rwd_fix_leftarm_sfun_registry.obj
 0001:00038ac0       _ssRegisterSymbolicDimsPlus 0000000180039ac0 f   vmr_rwd_fix_leftarm_sfun_registry.obj
 0001:00038b40       _ssRegisterSymbolicDimsMinus 0000000180039b40 f   vmr_rwd_fix_leftarm_sfun_registry.obj
 0001:00038bc0       _ssRegisterSymbolicDimsMultiply 0000000180039bc0 f   vmr_rwd_fix_leftarm_sfun_registry.obj
 0001:00038c40       _ssRegisterSymbolicDimsDivide 0000000180039c40 f   vmr_rwd_fix_leftarm_sfun_registry.obj
 0001:00038cc0       _ssGetNumSymbolicDims      0000000180039cc0 f   vmr_rwd_fix_leftarm_sfun_registry.obj
 0001:00038d30       _ssGetSymbolicDim          0000000180039d30 f   vmr_rwd_fix_leftarm_sfun_registry.obj
 0001:00038db0       _ssSetInputPortSymbolicDimsId 0000000180039db0 f   vmr_rwd_fix_leftarm_sfun_registry.obj
 0001:00038e20       _ssGetCompInputPortSymbolicDimsId 0000000180039e20 f   vmr_rwd_fix_leftarm_sfun_registry.obj
 0001:00038e90       _ssSetCompInputPortSymbolicDimsId 0000000180039e90 f   vmr_rwd_fix_leftarm_sfun_registry.obj
 0001:00038f00       _ssSetOutputPortSymbolicDimsId 0000000180039f00 f   vmr_rwd_fix_leftarm_sfun_registry.obj
 0001:00038f70       _ssGetCompOutputPortSymbolicDimsId 0000000180039f70 f   vmr_rwd_fix_leftarm_sfun_registry.obj
 0001:00038fe0       _ssSetCompOutputPortSymbolicDimsId 0000000180039fe0 f   vmr_rwd_fix_leftarm_sfun_registry.obj
 0001:00039050       _ssSetCompDWorkSymbolicDimsId 000000018003a050 f   vmr_rwd_fix_leftarm_sfun_registry.obj
 0001:000390c0       ssIsRunTimeParamTunable    000000018003a0c0 f   vmr_rwd_fix_leftarm_sfun_registry.obj
 0001:00039130       ssGetSFuncBlockHandle      000000018003a130 f   vmr_rwd_fix_leftarm_sfun_registry.obj
 0001:000391a0       _ssGetCurrentInputPortWidth 000000018003a1a0 f   vmr_rwd_fix_leftarm_sfun_registry.obj
 0001:000392c0       _ssGetCurrentOutputPortWidth 000000018003a2c0 f   vmr_rwd_fix_leftarm_sfun_registry.obj
 0001:000393e0       _ssGetCallSystemNumFcnCallDestinations 000000018003a3e0 f   vmr_rwd_fix_leftarm_sfun_registry.obj
 0001:00039450       ssWarning                  000000018003a450 f   vmr_rwd_fix_leftarm_sfun_registry.obj
 0001:00039560       ssGetIsZeroCrossControlDisabled 000000018003a560 f   vmr_rwd_fix_leftarm_sfun_registry.obj
 0001:000395d0       ssSetIsInputPortUsedForContZcSignal 000000018003a5d0 f   vmr_rwd_fix_leftarm_sfun_registry.obj
 0001:00039640       ssSetZcSignalIsZcElementDisc 000000018003a640 f   vmr_rwd_fix_leftarm_sfun_registry.obj
 0001:000396f0       ssSetZcSignalName          000000018003a6f0 f   vmr_rwd_fix_leftarm_sfun_registry.obj
 0001:00039760       ssSetZcSignalWidth         000000018003a760 f   vmr_rwd_fix_leftarm_sfun_registry.obj
 0001:000397d0       ssSetZcSignalZcEventType   000000018003a7d0 f   vmr_rwd_fix_leftarm_sfun_registry.obj
 0001:00039840       ssSetZcSignalType          000000018003a840 f   vmr_rwd_fix_leftarm_sfun_registry.obj
 0001:000398b0       ssSetZcSignalZcTol         000000018003a8b0 f   vmr_rwd_fix_leftarm_sfun_registry.obj
 0001:00039920       ssSetZcSignalNeedsEventNotification 000000018003a920 f   vmr_rwd_fix_leftarm_sfun_registry.obj
 0001:00039990       ssCreateAndAddZcSignalInfo 000000018003a990 f   vmr_rwd_fix_leftarm_sfun_registry.obj
 0001:00039a00       ssCloneAndAddZcSignalInfo  000000018003aa00 f   vmr_rwd_fix_leftarm_sfun_registry.obj
 0001:00039a70       ssGetNumZcSignals          000000018003aa70 f   vmr_rwd_fix_leftarm_sfun_registry.obj
 0001:00039ae0       ssGetZcSignalVector        000000018003aae0 f   vmr_rwd_fix_leftarm_sfun_registry.obj
 0001:00039b50       ssGetZcSignalZcEvents      000000018003ab50 f   vmr_rwd_fix_leftarm_sfun_registry.obj
 0001:00039bc0       ssGetZcSignalName          000000018003abc0 f   vmr_rwd_fix_leftarm_sfun_registry.obj
 0001:00039c30       ssGetZcSignalWidth         000000018003ac30 f   vmr_rwd_fix_leftarm_sfun_registry.obj
 0001:00039ca0       ssGetZcSignalZcEventType   000000018003aca0 f   vmr_rwd_fix_leftarm_sfun_registry.obj
 0001:00039d10       ssGetZcSignalType          000000018003ad10 f   vmr_rwd_fix_leftarm_sfun_registry.obj
 0001:00039d80       ssGetZcSignalZcTol         000000018003ad80 f   vmr_rwd_fix_leftarm_sfun_registry.obj
 0001:00039e00       ssGetZcSignalNeedsEventNotification 000000018003ae00 f   vmr_rwd_fix_leftarm_sfun_registry.obj
 0001:00039e70       ssGetZcSignalIsZcElementDisc 000000018003ae70 f   vmr_rwd_fix_leftarm_sfun_registry.obj
 0001:00039f10       ssGetIsInputPortElementContinuous 000000018003af10 f   vmr_rwd_fix_leftarm_sfun_registry.obj
 0001:00039fb0       _ssGetInputPortSignalPtrsFcn 000000018003afb0 f   vmr_rwd_fix_leftarm_sfun_registry.obj
 0001:0003a270       _ssGetInputPortSignalFcn   000000018003b270 f   vmr_rwd_fix_leftarm_sfun_registry.obj
 0001:0003a490       _ssSetInputPortDirectFeedThroughFcn 000000018003b490 f   vmr_rwd_fix_leftarm_sfun_registry.obj
 0001:0003a5f0       _ssSetInputPortReusableFcn 000000018003b5f0 f   vmr_rwd_fix_leftarm_sfun_registry.obj
 0001:0003a6e0       _ssSetOutputPortReusableFcn 000000018003b6e0 f   vmr_rwd_fix_leftarm_sfun_registry.obj
 0001:0003a7c0       ssGetDTypeIdFromMxArray    000000018003b7c0 f   vmr_rwd_fix_leftarm_sfun_registry.obj
 0001:0003a8e0       ssWriteRTWStr              000000018003b8e0 f   vmr_rwd_fix_leftarm_sfun_registry.obj
 0001:0003a940       ssWriteRTWMxVectParam      000000018003b940 f   vmr_rwd_fix_leftarm_sfun_registry.obj
 0001:0003a9a0       ssWriteRTWMx2dMatParam     000000018003b9a0 f   vmr_rwd_fix_leftarm_sfun_registry.obj
 0001:0003aa20       ssWriteRTWNameValuePair    000000018003ba20 f   vmr_rwd_fix_leftarm_sfun_registry.obj
 0001:0003af10       ssWriteRTWParameters       000000018003bf10 f   vmr_rwd_fix_leftarm_sfun_registry.obj
 0001:0003b510       ssWriteRTWParamSettings    000000018003c510 f   vmr_rwd_fix_leftarm_sfun_registry.obj
 0001:0003bbe0       ssWriteRTWWorkVect         000000018003cbe0 f   vmr_rwd_fix_leftarm_sfun_registry.obj
 0001:0003c0e0       mexFunction                000000018003d0e0 f   vmr_rwd_fix_leftarm_sfun_registry.obj
 0001:0003e930       ProcessMexSfunctionEveryCall 000000018003f930 f   vmr_rwd_fix_leftarm_sfun_registry.obj
 0001:0003eac6       sf_debug_set_machine_data_value_ptr 000000018003fac6 f   sf_runtime:sf_runtime.dll
 0001:0003eacc       sf_debug_set_machine_data_size 000000018003facc f   sf_runtime:sf_runtime.dll
 0001:0003ead2       sf_debug_set_machine_data_type 000000018003fad2 f   sf_runtime:sf_runtime.dll
 0001:0003ead8       sf_debug_set_machine_data_name 000000018003fad8 f   sf_runtime:sf_runtime.dll
 0001:0003eade       sf_debug_set_machine_data_scope 000000018003fade f   sf_runtime:sf_runtime.dll
 0001:0003eae4       sf_debug_set_machine_data_thresholds 000000018003fae4 f   sf_runtime:sf_runtime.dll
 0001:0003eaea       sf_debug_set_machine_event_thresholds 000000018003faea f   sf_runtime:sf_runtime.dll
 0001:0003eaf0       sf_debug_initialize_machine 000000018003faf0 f   sf_runtime:sf_runtime.dll
 0001:0003eaf6       sf_load_rtw_optimization_info 000000018003faf6 f   sf_runtime:sf_runtime.dll
 0001:0003eafc       sf_mex_assign              000000018003fafc f   sf_runtime:sf_runtime.dll
 0001:0003eb02       sf_mex_create              000000018003fb02 f   sf_runtime:sf_runtime.dll
 0001:0003eb08       sf_mex_error_message       000000018003fb08 f   sf_runtime:sf_runtime.dll
 0001:0003eb0e       sf_mex_import_named        000000018003fb0e f   sf_runtime:sf_runtime.dll
 0001:0003eb14       sf_mex_get_sfun_param      000000018003fb14 f   sf_runtime:sf_runtime.dll
 0001:0003eb1a       sf_set_rtw_dwork_info      000000018003fb1a f   sf_runtime:sf_runtime.dll
 0001:0003eb20       sf_mark_chart_reusable_outputs 000000018003fb20 f   sf_runtime:sf_runtime.dll
 0001:0003eb26       sf_mark_chart_expressionable_inputs 000000018003fb26 f   sf_runtime:sf_runtime.dll
 0001:0003eb2c       sf_update_buildInfo        000000018003fb2c f   sf_runtime:sf_runtime.dll
 0001:0003eb32       sf_rtw_info_uint_prop      000000018003fb32 f   sf_runtime:sf_runtime.dll
 0001:0003eb38       sf_is_chart_inlinable      000000018003fb38 f   sf_runtime:sf_runtime.dll
 0001:0003eb3e       sim_mode_is_external       000000018003fb3e f   sf_runtime:sf_runtime.dll
 0001:0003eb44       sim_mode_is_rtw_gen        000000018003fb44 f   sf_runtime:sf_runtime.dll
 0001:0003eb4a       sf_set_encoded_dwork_info  000000018003fb4a f   sf_runtime:sf_runtime.dll
 0001:0003eb50       sf_runtime_overflow_check_is_on 000000018003fb50 f   sf_runtime:sf_runtime.dll
 0001:0003eb56       ssGetInputPortSignal_wrapper 000000018003fb56 f   sf_runtime:sf_runtime.dll
 0001:0003eb5c       ssGetDWork_wrapper         000000018003fb5c f   sf_runtime:sf_runtime.dll
 0001:0003eb62       ssGetInputPortSignalPtrs_wrapper 000000018003fb62 f   sf_runtime:sf_runtime.dll
 0001:0003eb68       ssGetOutputPortSignal_wrapper 000000018003fb68 f   sf_runtime:sf_runtime.dll
 0001:0003eb6e       sf_mex_decode_encoded_mx_struct_array 000000018003fb6e f   sf_runtime:sf_runtime.dll
 0001:0003eb74       sf_debug_reset_current_state_configuration 000000018003fb74 f   sf_runtime:sf_runtime.dll
 0001:0003eb7a       sf_debug_set_chart_data_compiled_props 000000018003fb7a f   sf_runtime:sf_runtime.dll
 0001:0003eb80       sf_debug_cv_init_relationalop 000000018003fb80 f   sf_runtime:sf_runtime.dll
 0001:0003eb86       sf_debug_cv_init_trans     000000018003fb86 f   sf_runtime:sf_runtime.dll
 0001:0003eb8c       sf_debug_cv_init_state     000000018003fb8c f   sf_runtime:sf_runtime.dll
 0001:0003eb92       sf_debug_cv_init_chart     000000018003fb92 f   sf_runtime:sf_runtime.dll
 0001:0003eb98       sf_debug_set_chart_state_substate_index 000000018003fb98 f   sf_runtime:sf_runtime.dll
 0001:0003eb9e       sf_debug_set_chart_state_substate_count 000000018003fb9e f   sf_runtime:sf_runtime.dll
 0001:0003eba4       sf_debug_set_chart_substate_index 000000018003fba4 f   sf_runtime:sf_runtime.dll
 0001:0003ebaa       sf_debug_set_chart_decomposition 000000018003fbaa f   sf_runtime:sf_runtime.dll
 0001:0003ebb0       sf_debug_set_chart_substate_count 000000018003fbb0 f   sf_runtime:sf_runtime.dll
 0001:0003ebb6       sf_debug_set_chart_state_info 000000018003fbb6 f   sf_runtime:sf_runtime.dll
 0001:0003ebbc       sf_debug_set_chart_event_scope 000000018003fbbc f   sf_runtime:sf_runtime.dll
 0001:0003ebc2       sf_debug_set_chart_data_props 000000018003fbc2 f   sf_runtime:sf_runtime.dll
 0001:0003ebc8       sf_debug_set_chart_event_thresholds 000000018003fbc8 f   sf_runtime:sf_runtime.dll
 0001:0003ebce       sf_debug_set_chart_disable_implicit_casting 000000018003fbce f   sf_runtime:sf_runtime.dll
 0001:0003ebd4       sf_debug_initialize_chart  000000018003fbd4 f   sf_runtime:sf_runtime.dll
 0001:0003ebda       sf_mex_destroy             000000018003fbda f   sf_runtime:sf_runtime.dll
 0001:0003ebe0       sf_mex_dup                 000000018003fbe0 f   sf_runtime:sf_runtime.dll
 0001:0003ebe6       sf_mex_import              000000018003fbe6 f   sf_runtime:sf_runtime.dll
 0001:0003ebec       sf_get_output_port_reusable 000000018003fbec f   sf_runtime:sf_runtime.dll
 0001:0003ebf2       sf_get_time                000000018003fbf2 f   sf_runtime:sf_runtime.dll
 0001:0003ebf8       sf_is_first_init_cond      000000018003fbf8 f   sf_runtime:sf_runtime.dll
 0001:0003ebfe       sf_debug_set_instance_data_value_ptr 000000018003fbfe f   sf_runtime:sf_runtime.dll
 0001:0003ec04       sf_get_dwork_info_from_mat_file 000000018003fc04 f   sf_runtime:sf_runtime.dll
 0001:0003ec0a       sf_debug_check_for_state_inconsistency 000000018003fc0a f   sf_runtime:sf_runtime.dll
 0001:0003ec10       sf_debug_symbol_scope_pop  000000018003fc10 f   sf_runtime:sf_runtime.dll
 0001:0003ec16       sf_debug_data_range_error_wrapper_min_max 000000018003fc16 f   sf_runtime:sf_runtime.dll
 0001:0003ec1c       sf_debug_data_range_wrapper 000000018003fc1c f   sf_runtime:sf_runtime.dll
 0001:0003ec22       sf_debug_call              000000018003fc22 f   sf_runtime:sf_runtime.dll
 0001:0003ec28       sf_debug_symbol_scope_push 000000018003fc28 f   sf_runtime:sf_runtime.dll
 0001:0003ec2e       sf_mex_sub                 000000018003fc2e f   sf_runtime:sf_runtime.dll
 0001:0003ec34       sf_debug_temporal_threshold 000000018003fc34 f   sf_runtime:sf_runtime.dll
 0001:0003ec3a       cv_eval_relational         000000018003fc3a f   sf_runtime:sf_runtime.dll
 0001:0003ec40       cv_eval_point              000000018003fc40 f   sf_runtime:sf_runtime.dll
 0001:0003ec46       sf_debug_data_array_bounds_error_check 000000018003fc46 f   sf_runtime:sf_runtime.dll
 0001:0003ec4c       sf_mex_printf              000000018003fc4c f   sf_runtime:sf_runtime.dll
 0001:0003ec52       sf_debug_overflow_detection 000000018003fc52 f   sf_runtime:sf_runtime.dll
 0001:0003ec58       sf_debug_animate           000000018003fc58 f   sf_runtime:sf_runtime.dll
 0001:0003ec5e       sf_debug_set_honor_breakpoints 000000018003fc5e f   sf_runtime:sf_runtime.dll
 0001:0003ec64       sf_debug_set_animation     000000018003fc64 f   sf_runtime:sf_runtime.dll
 0001:0003ec6a       sf_debug_get_animation     000000018003fc6a f   sf_runtime:sf_runtime.dll
 0001:0003ec70       sf_mex_setcell             000000018003fc70 f   sf_runtime:sf_runtime.dll
 0001:0003ec76       sf_mex_createcellmatrix    000000018003fc76 f   sf_runtime:sf_runtime.dll
 0001:0003ec7c       sf_mex_getcell             000000018003fc7c f   sf_runtime:sf_runtime.dll
 0001:0003ec82       sf_mex_duplicatearraysafe  000000018003fc82 f   sf_runtime:sf_runtime.dll
 0001:0003ec88       sf_clear_rtw_identifier    000000018003fc88 f   sf_runtime:sf_runtime.dll
 0001:0003ec8e       sf_mex_call_debug          000000018003fc8e f   sf_runtime:sf_runtime.dll
 0001:0003ec94       sf_debug_terminate         000000018003fc94 f   sf_runtime:sf_runtime.dll
 0001:0003ec9a       sf_debug_create_debug_instance_struct 000000018003fc9a f   sf_runtime:sf_runtime.dll
 0001:0003eca0       sf_debug_api               000000018003fca0 f   sf_runtime:sf_runtime.dll
 0001:0003eca6       callMdlMethodAndReportError 000000018003fca6 f   sf_runtime:sf_runtime.dll
 0001:0003ecac       call_sf_machine_global_method_dispatcher 000000018003fcac f   sf_runtime:sf_runtime.dll
 0001:0003ecb2       sf_clear_error_manager_info 000000018003fcb2 f   sf_runtime:sf_runtime.dll
 0001:0003ecb8       sf_mex_error_direct_call   000000018003fcb8 f   sf_runtime:sf_runtime.dll
 0001:0003ecbe       mxCreateLogicalScalar      000000018003fcbe f   libmx:libmx.dll
 0001:0003ecc4       mxCreateDoubleMatrix_730   000000018003fcc4 f   libmx:libmx.dll
 0001:0003ecca       mxGetScalar                000000018003fcca f   libmx:libmx.dll
 0001:0003ecd0       mxGetString_730            000000018003fcd0 f   libmx:libmx.dll
 0001:0003ecd6       mxIsChar                   000000018003fcd6 f   libmx:libmx.dll
 0001:0003ecdc       mxGetPr                    000000018003fcdc f   libmx:libmx.dll
 0001:0003ece2       mxDestroyArray             000000018003fce2 f   libmx:libmx.dll
 0001:0003ece8       mxDuplicateArray           000000018003fce8 f   libmx:libmx.dll
 0001:0003ecee       mxCreateDoubleScalar       000000018003fcee f   libmx:libmx.dll
 0001:0003ecf4       mxSetField_730             000000018003fcf4 f   libmx:libmx.dll
 0001:0003ecfa       mxCreateString             000000018003fcfa f   libmx:libmx.dll
 0001:0003ed00       mxCreateStructMatrix_730   000000018003fd00 f   libmx:libmx.dll
 0001:0003ed06       mxCreateCellMatrix_730     000000018003fd06 f   libmx:libmx.dll
 0001:0003ed0c       mxCreateCellArray_730      000000018003fd0c f   libmx:libmx.dll
 0001:0003ed12       mxCreateStructArray_730    000000018003fd12 f   libmx:libmx.dll
 0001:0003ed18       mxGetClassID               000000018003fd18 f   libmx:libmx.dll
 0001:0003ed1e       mxIsNumeric                000000018003fd1e f   libmx:libmx.dll
 0001:0003ed24       mxIsComplex                000000018003fd24 f   libmx:libmx.dll
 0001:0003ed2a       mxGetN                     000000018003fd2a f   libmx:libmx.dll
 0001:0003ed30       mxGetM                     000000018003fd30 f   libmx:libmx.dll
 0001:0003ed36       mxCalloc                   000000018003fd36 f   libmx:libmx.dll
 0001:0003ed3c       mexMakeArrayPersistent     000000018003fd3c f   libmex:libmex.dll
 0001:0003ed42       mexUnlock                  000000018003fd42 f   libmex:libmex.dll
 0001:0003ed48       mexIsLocked                000000018003fd48 f   libmex:libmex.dll
 0001:0003ed4e       mexWarnMsgTxt              000000018003fd4e f   libmex:libmex.dll
 0001:0003ed54       mexCallMATLABWithObject    000000018003fd54 f   libmex:libmex.dll
 0001:0003ed5a       mexErrMsgTxt               000000018003fd5a f   libmex:libmex.dll
 0001:0003ed60       mexLock                    000000018003fd60 f   libmex:libmex.dll
 0001:0003ed66       utMalloc                   000000018003fd66 f   libut:libut.dll
 0001:0003ed6c       utFree                     000000018003fd6c f   libut:libut.dll
 0001:0003ed72       muDoubleScalarFloor        000000018003fd72 f   libmwmathutil:libmwmathutil.dll
 0001:0003ed78       muDoubleScalarCeil         000000018003fd78 f   libmwmathutil:libmwmathutil.dll
 0001:0003ed7e       muDoubleScalarSin          000000018003fd7e f   libmwmathutil:libmwmathutil.dll
 0001:0003ed84       muDoubleScalarAbs          000000018003fd84 f   libmwmathutil:libmwmathutil.dll
 0001:0003ed90       General_initializer        000000018003fd90 f   General_sfun:General_sfun.obj
 0001:0003ee00       General_terminator         000000018003fe00 f   General_sfun:General_sfun.obj
 0001:0003ee10       sf_General_method_dispatcher 000000018003fe10 f   General_sfun:General_sfun.obj
 0001:0003eee0       sf_General_uses_exported_functions 000000018003fee0 f   General_sfun:General_sfun.obj
 0001:0003ef20       sf_General_process_testpoint_info_call 000000018003ff20 f   General_sfun:General_sfun.obj
 0001:0003f0d0       sf_General_process_check_sum_call 00000001800400d0 f   General_sfun:General_sfun.obj
 0001:0003f400       sf_General_autoinheritance_info 0000000180040400 f   General_sfun:General_sfun.obj
 0001:0003f6b0       sf_General_get_eml_resolved_functions_info 00000001800406b0 f   General_sfun:General_sfun.obj
 0001:0003f8f0       sf_General_third_party_uses_info 00000001800408f0 f   General_sfun:General_sfun.obj
 0001:0003fb20       sf_General_jit_fallback_info 0000000180040b20 f   General_sfun:General_sfun.obj
 0001:0003fd50       sf_General_updateBuildInfo_args_info 0000000180040d50 f   General_sfun:General_sfun.obj
 0001:0003ff80       sf_General_get_post_codegen_info 0000000180040f80 f   General_sfun:General_sfun.obj
 0001:00040130       General_debug_initialize   0000000180041130 f   General_sfun:General_sfun.obj
 0001:00040320       General_register_exported_symbols 0000000180041320 f   General_sfun:General_sfun.obj
 0001:00040330       load_General_optimization_info 0000000180041330 f   General_sfun:General_sfun.obj
 0001:00040380       unload_General_optimization_info 0000000180041380 f   General_sfun:General_sfun.obj
 0001:000403b0       sf_c42_General_get_eml_resolved_functions_info 00000001800413b0 f   General_sfun:c42_General.obj
 0001:00040430       sf_c42_General_get_check_sum 0000000180041430 f   General_sfun:c42_General.obj
 0001:000404b0       sf_c42_General_get_autoinheritance_info 00000001800414b0 f   General_sfun:c42_General.obj
 0001:00042280       sf_c42_General_third_party_uses_info 0000000180043280 f   General_sfun:c42_General.obj
 0001:000422b0       sf_c42_General_jit_fallback_info 00000001800432b0 f   General_sfun:c42_General.obj
 0001:000423f0       sf_c42_General_updateBuildInfo_args_info 00000001800433f0 f   General_sfun:c42_General.obj
 0001:00042420       sf_c42_General_get_post_codegen_info 0000000180043420 f   General_sfun:c42_General.obj
 0001:000424f0       sf_c42_General_get_testpoint_info 00000001800434f0 f   General_sfun:c42_General.obj
 0001:00042500       c42_General_method_dispatcher 0000000180043500 f   General_sfun:c42_General.obj
 0001:000682b0       sf_c38_General_get_eml_resolved_functions_info 00000001800692b0 f   General_sfun:c38_General.obj
 0001:00068330       sf_c38_General_get_check_sum 0000000180069330 f   General_sfun:c38_General.obj
 0001:000683b0       sf_c38_General_get_autoinheritance_info 00000001800693b0 f   General_sfun:c38_General.obj
 0001:000686b0       sf_c38_General_third_party_uses_info 00000001800696b0 f   General_sfun:c38_General.obj
 0001:000686e0       sf_c38_General_jit_fallback_info 00000001800696e0 f   General_sfun:c38_General.obj
 0001:00068820       sf_c38_General_updateBuildInfo_args_info 0000000180069820 f   General_sfun:c38_General.obj
 0001:00068850       sf_c38_General_get_post_codegen_info 0000000180069850 f   General_sfun:c38_General.obj
 0001:00068920       sf_c38_General_get_testpoint_info 0000000180069920 f   General_sfun:c38_General.obj
 0001:00068930       c38_General_method_dispatcher 0000000180069930 f   General_sfun:c38_General.obj
 0001:0006c220       sf_c16_General_get_eml_resolved_functions_info 000000018006d220 f   General_sfun:c16_General.obj
 0001:0006c2a0       sf_c16_General_get_check_sum 000000018006d2a0 f   General_sfun:c16_General.obj
 0001:0006c320       sf_c16_General_get_autoinheritance_info 000000018006d320 f   General_sfun:c16_General.obj
 0001:0006c7e0       sf_c16_General_third_party_uses_info 000000018006d7e0 f   General_sfun:c16_General.obj
 0001:0006c810       sf_c16_General_jit_fallback_info 000000018006d810 f   General_sfun:c16_General.obj
 0001:0006c950       sf_c16_General_updateBuildInfo_args_info 000000018006d950 f   General_sfun:c16_General.obj
 0001:0006c980       sf_c16_General_get_post_codegen_info 000000018006d980 f   General_sfun:c16_General.obj
 0001:0006ca50       c16_General_method_dispatcher 000000018006da50 f   General_sfun:c16_General.obj
 0001:0006f050       sf_c8_General_get_eml_resolved_functions_info 0000000180070050 f   General_sfun:c8_General.obj
 0001:0006f0d0       sf_c8_General_get_check_sum 00000001800700d0 f   General_sfun:c8_General.obj
 0001:0006f150       sf_c8_General_get_autoinheritance_info 0000000180070150 f   General_sfun:c8_General.obj
 0001:00070060       sf_c8_General_third_party_uses_info 0000000180071060 f   General_sfun:c8_General.obj
 0001:00070090       sf_c8_General_jit_fallback_info 0000000180071090 f   General_sfun:c8_General.obj
 0001:000701d0       sf_c8_General_updateBuildInfo_args_info 00000001800711d0 f   General_sfun:c8_General.obj
 0001:00070200       sf_c8_General_get_post_codegen_info 0000000180071200 f   General_sfun:c8_General.obj
 0001:000702d0       sf_c8_General_get_testpoint_info 00000001800712d0 f   General_sfun:c8_General.obj
 0001:000702e0       c8_General_method_dispatcher 00000001800712e0 f   General_sfun:c8_General.obj
 0001:00081ca0       sf_c2_General_get_eml_resolved_functions_info 0000000180082ca0 f   General_sfun:c2_General.obj
 0001:00081d20       sf_c2_General_get_check_sum 0000000180082d20 f   General_sfun:c2_General.obj
 0001:00081da0       sf_c2_General_get_autoinheritance_info 0000000180082da0 f   General_sfun:c2_General.obj
 0001:00082260       sf_c2_General_third_party_uses_info 0000000180083260 f   General_sfun:c2_General.obj
 0001:00082290       sf_c2_General_jit_fallback_info 0000000180083290 f   General_sfun:c2_General.obj
 0001:000823d0       sf_c2_General_updateBuildInfo_args_info 00000001800833d0 f   General_sfun:c2_General.obj
 0001:00082400       sf_c2_General_get_post_codegen_info 0000000180083400 f   General_sfun:c2_General.obj
 0001:000824d0       c2_General_method_dispatcher 00000001800834d0 f   General_sfun:c2_General.obj
 0001:00084d40       crc32C                     0000000180085d40 f   General_sfun:crc32.obj
 0001:00084f70       buildOutputPacket          0000000180085f70 f   General_sfun:crc32.obj
 0001:00085040       recordPacket               0000000180086040 f   General_sfun:crc32.obj
 0001:000850b0       ethercat_initializer       00000001800860b0 f   ethercat_sfun:ethercat_sfun.obj
 0001:000850c0       ethercat_terminator        00000001800860c0 f   ethercat_sfun:ethercat_sfun.obj
 0001:000850d0       sf_ethercat_method_dispatcher 00000001800860d0 f   ethercat_sfun:ethercat_sfun.obj
 0001:00085370       sf_ethercat_uses_exported_functions 0000000180086370 f   ethercat_sfun:ethercat_sfun.obj
 0001:000853b0       sf_ethercat_process_testpoint_info_call 00000001800863b0 f   ethercat_sfun:ethercat_sfun.obj
 0001:000856e0       sf_ethercat_process_check_sum_call 00000001800866e0 f   ethercat_sfun:ethercat_sfun.obj
 0001:00085bc0       sf_ethercat_autoinheritance_info 0000000180086bc0 f   ethercat_sfun:ethercat_sfun.obj
 0001:000862b0       sf_ethercat_get_eml_resolved_functions_info 00000001800872b0 f   ethercat_sfun:ethercat_sfun.obj
 0001:00086870       sf_ethercat_third_party_uses_info 0000000180087870 f   ethercat_sfun:ethercat_sfun.obj
 0001:00086d70       sf_ethercat_jit_fallback_info 0000000180087d70 f   ethercat_sfun:ethercat_sfun.obj
 0001:00087270       sf_ethercat_updateBuildInfo_args_info 0000000180088270 f   ethercat_sfun:ethercat_sfun.obj
 0001:00087770       sf_ethercat_get_post_codegen_info 0000000180088770 f   ethercat_sfun:ethercat_sfun.obj
 0001:00087c30       ethercat_debug_initialize  0000000180088c30 f   ethercat_sfun:ethercat_sfun.obj
 0001:00087cc0       ethercat_register_exported_symbols 0000000180088cc0 f   ethercat_sfun:ethercat_sfun.obj
 0001:00087cd0       load_ethercat_optimization_info 0000000180088cd0 f   ethercat_sfun:ethercat_sfun.obj
 0001:00087d20       unload_ethercat_optimization_info 0000000180088d20 f   ethercat_sfun:ethercat_sfun.obj
 0001:00087d50       sf_c106_ethercat_get_eml_resolved_functions_info 0000000180088d50 f   ethercat_sfun:c106_ethercat.obj
 0001:00087dd0       sf_c106_ethercat_get_check_sum 0000000180088dd0 f   ethercat_sfun:c106_ethercat.obj
 0001:00087e50       sf_c106_ethercat_get_autoinheritance_info 0000000180088e50 f   ethercat_sfun:c106_ethercat.obj
 0001:00088d60       sf_c106_ethercat_third_party_uses_info 0000000180089d60 f   ethercat_sfun:c106_ethercat.obj
 0001:00088d90       sf_c106_ethercat_jit_fallback_info 0000000180089d90 f   ethercat_sfun:c106_ethercat.obj
 0001:00088ed0       sf_c106_ethercat_updateBuildInfo_args_info 0000000180089ed0 f   ethercat_sfun:c106_ethercat.obj
 0001:00088f00       sf_c106_ethercat_get_post_codegen_info 0000000180089f00 f   ethercat_sfun:c106_ethercat.obj
 0001:00088fd0       sf_c106_ethercat_get_testpoint_info 0000000180089fd0 f   ethercat_sfun:c106_ethercat.obj
 0001:00088fe0       c106_ethercat_method_dispatcher 0000000180089fe0 f   ethercat_sfun:c106_ethercat.obj
 0001:00093800       sf_c104_ethercat_get_eml_resolved_functions_info 0000000180094800 f   ethercat_sfun:c104_ethercat.obj
 0001:00093880       sf_c104_ethercat_get_check_sum 0000000180094880 f   ethercat_sfun:c104_ethercat.obj
 0001:00093900       sf_c104_ethercat_get_autoinheritance_info 0000000180094900 f   ethercat_sfun:c104_ethercat.obj
 0001:00094810       sf_c104_ethercat_third_party_uses_info 0000000180095810 f   ethercat_sfun:c104_ethercat.obj
 0001:00094840       sf_c104_ethercat_jit_fallback_info 0000000180095840 f   ethercat_sfun:c104_ethercat.obj
 0001:00094980       sf_c104_ethercat_updateBuildInfo_args_info 0000000180095980 f   ethercat_sfun:c104_ethercat.obj
 0001:000949b0       sf_c104_ethercat_get_post_codegen_info 00000001800959b0 f   ethercat_sfun:c104_ethercat.obj
 0001:00094a80       sf_c104_ethercat_get_testpoint_info 0000000180095a80 f   ethercat_sfun:c104_ethercat.obj
 0001:00094a90       c104_ethercat_method_dispatcher 0000000180095a90 f   ethercat_sfun:c104_ethercat.obj
 0001:0009f260       sf_c101_ethercat_get_eml_resolved_functions_info 00000001800a0260 f   ethercat_sfun:c101_ethercat.obj
 0001:0009f2e0       sf_c101_ethercat_get_check_sum 00000001800a02e0 f   ethercat_sfun:c101_ethercat.obj
 0001:0009f360       sf_c101_ethercat_get_autoinheritance_info 00000001800a0360 f   ethercat_sfun:c101_ethercat.obj
 0001:000a0270       sf_c101_ethercat_third_party_uses_info 00000001800a1270 f   ethercat_sfun:c101_ethercat.obj
 0001:000a02a0       sf_c101_ethercat_jit_fallback_info 00000001800a12a0 f   ethercat_sfun:c101_ethercat.obj
 0001:000a03e0       sf_c101_ethercat_updateBuildInfo_args_info 00000001800a13e0 f   ethercat_sfun:c101_ethercat.obj
 0001:000a0410       sf_c101_ethercat_get_post_codegen_info 00000001800a1410 f   ethercat_sfun:c101_ethercat.obj
 0001:000a04e0       sf_c101_ethercat_get_testpoint_info 00000001800a14e0 f   ethercat_sfun:c101_ethercat.obj
 0001:000a04f0       c101_ethercat_method_dispatcher 00000001800a14f0 f   ethercat_sfun:c101_ethercat.obj
 0001:000aacf0       sf_c99_ethercat_get_eml_resolved_functions_info 00000001800abcf0 f   ethercat_sfun:c99_ethercat.obj
 0001:000aad70       sf_c99_ethercat_get_check_sum 00000001800abd70 f   ethercat_sfun:c99_ethercat.obj
 0001:000aadf0       sf_c99_ethercat_get_autoinheritance_info 00000001800abdf0 f   ethercat_sfun:c99_ethercat.obj
 0001:000abd00       sf_c99_ethercat_third_party_uses_info 00000001800acd00 f   ethercat_sfun:c99_ethercat.obj
 0001:000abd30       sf_c99_ethercat_jit_fallback_info 00000001800acd30 f   ethercat_sfun:c99_ethercat.obj
 0001:000abe70       sf_c99_ethercat_updateBuildInfo_args_info 00000001800ace70 f   ethercat_sfun:c99_ethercat.obj
 0001:000abea0       sf_c99_ethercat_get_post_codegen_info 00000001800acea0 f   ethercat_sfun:c99_ethercat.obj
 0001:000abf70       sf_c99_ethercat_get_testpoint_info 00000001800acf70 f   ethercat_sfun:c99_ethercat.obj
 0001:000abf80       c99_ethercat_method_dispatcher 00000001800acf80 f   ethercat_sfun:c99_ethercat.obj
 0001:000b67a0       sf_c74_ethercat_get_eml_resolved_functions_info 00000001800b77a0 f   ethercat_sfun:c74_ethercat.obj
 0001:000b6820       sf_c74_ethercat_get_check_sum 00000001800b7820 f   ethercat_sfun:c74_ethercat.obj
 0001:000b68a0       sf_c74_ethercat_get_autoinheritance_info 00000001800b78a0 f   ethercat_sfun:c74_ethercat.obj
 0001:000b6ee0       sf_c74_ethercat_third_party_uses_info 00000001800b7ee0 f   ethercat_sfun:c74_ethercat.obj
 0001:000b6f10       sf_c74_ethercat_jit_fallback_info 00000001800b7f10 f   ethercat_sfun:c74_ethercat.obj
 0001:000b7050       sf_c74_ethercat_updateBuildInfo_args_info 00000001800b8050 f   ethercat_sfun:c74_ethercat.obj
 0001:000b7080       sf_c74_ethercat_get_post_codegen_info 00000001800b8080 f   ethercat_sfun:c74_ethercat.obj
 0001:000b7150       c74_ethercat_method_dispatcher 00000001800b8150 f   ethercat_sfun:c74_ethercat.obj
 0001:000b9f70       sf_c73_ethercat_get_eml_resolved_functions_info 00000001800baf70 f   ethercat_sfun:c73_ethercat.obj
 0001:000b9ff0       sf_c73_ethercat_get_check_sum 00000001800baff0 f   ethercat_sfun:c73_ethercat.obj
 0001:000ba070       sf_c73_ethercat_get_autoinheritance_info 00000001800bb070 f   ethercat_sfun:c73_ethercat.obj
 0001:000ba830       sf_c73_ethercat_third_party_uses_info 00000001800bb830 f   ethercat_sfun:c73_ethercat.obj
 0001:000ba860       sf_c73_ethercat_jit_fallback_info 00000001800bb860 f   ethercat_sfun:c73_ethercat.obj
 0001:000ba9a0       sf_c73_ethercat_updateBuildInfo_args_info 00000001800bb9a0 f   ethercat_sfun:c73_ethercat.obj
 0001:000ba9d0       sf_c73_ethercat_get_post_codegen_info 00000001800bb9d0 f   ethercat_sfun:c73_ethercat.obj
 0001:000baaa0       sf_c73_ethercat_get_testpoint_info 00000001800bbaa0 f   ethercat_sfun:c73_ethercat.obj
 0001:000baab0       c73_ethercat_method_dispatcher 00000001800bbab0 f   ethercat_sfun:c73_ethercat.obj
 0001:000bff30       sf_c71_ethercat_get_eml_resolved_functions_info 00000001800c0f30 f   ethercat_sfun:c71_ethercat.obj
 0001:000bffb0       sf_c71_ethercat_get_check_sum 00000001800c0fb0 f   ethercat_sfun:c71_ethercat.obj
 0001:000c0030       sf_c71_ethercat_get_autoinheritance_info 00000001800c1030 f   ethercat_sfun:c71_ethercat.obj
 0001:000c07f0       sf_c71_ethercat_third_party_uses_info 00000001800c17f0 f   ethercat_sfun:c71_ethercat.obj
 0001:000c0820       sf_c71_ethercat_jit_fallback_info 00000001800c1820 f   ethercat_sfun:c71_ethercat.obj
 0001:000c0960       sf_c71_ethercat_updateBuildInfo_args_info 00000001800c1960 f   ethercat_sfun:c71_ethercat.obj
 0001:000c0990       sf_c71_ethercat_get_post_codegen_info 00000001800c1990 f   ethercat_sfun:c71_ethercat.obj
 0001:000c0a60       sf_c71_ethercat_get_testpoint_info 00000001800c1a60 f   ethercat_sfun:c71_ethercat.obj
 0001:000c0a70       c71_ethercat_method_dispatcher 00000001800c1a70 f   ethercat_sfun:c71_ethercat.obj
 0001:000c5ed0       sf_c69_ethercat_get_eml_resolved_functions_info 00000001800c6ed0 f   ethercat_sfun:c69_ethercat.obj
 0001:000c5f50       sf_c69_ethercat_get_check_sum 00000001800c6f50 f   ethercat_sfun:c69_ethercat.obj
 0001:000c5fd0       sf_c69_ethercat_get_autoinheritance_info 00000001800c6fd0 f   ethercat_sfun:c69_ethercat.obj
 0001:000c7340       sf_c69_ethercat_third_party_uses_info 00000001800c8340 f   ethercat_sfun:c69_ethercat.obj
 0001:000c7370       sf_c69_ethercat_jit_fallback_info 00000001800c8370 f   ethercat_sfun:c69_ethercat.obj
 0001:000c74b0       sf_c69_ethercat_updateBuildInfo_args_info 00000001800c84b0 f   ethercat_sfun:c69_ethercat.obj
 0001:000c74e0       sf_c69_ethercat_get_post_codegen_info 00000001800c84e0 f   ethercat_sfun:c69_ethercat.obj
 0001:000c75b0       sf_c69_ethercat_get_testpoint_info 00000001800c85b0 f   ethercat_sfun:c69_ethercat.obj
 0001:000c75c0       c69_ethercat_method_dispatcher 00000001800c85c0 f   ethercat_sfun:c69_ethercat.obj
 0001:000d4d00       sf_c66_ethercat_get_eml_resolved_functions_info 00000001800d5d00 f   ethercat_sfun:c66_ethercat.obj
 0001:000d4d80       sf_c66_ethercat_get_check_sum 00000001800d5d80 f   ethercat_sfun:c66_ethercat.obj
 0001:000d4e00       sf_c66_ethercat_get_autoinheritance_info 00000001800d5e00 f   ethercat_sfun:c66_ethercat.obj
 0001:000d6170       sf_c66_ethercat_third_party_uses_info 00000001800d7170 f   ethercat_sfun:c66_ethercat.obj
 0001:000d61a0       sf_c66_ethercat_jit_fallback_info 00000001800d71a0 f   ethercat_sfun:c66_ethercat.obj
 0001:000d62e0       sf_c66_ethercat_updateBuildInfo_args_info 00000001800d72e0 f   ethercat_sfun:c66_ethercat.obj
 0001:000d6310       sf_c66_ethercat_get_post_codegen_info 00000001800d7310 f   ethercat_sfun:c66_ethercat.obj
 0001:000d63e0       sf_c66_ethercat_get_testpoint_info 00000001800d73e0 f   ethercat_sfun:c66_ethercat.obj
 0001:000d63f0       c66_ethercat_method_dispatcher 00000001800d73f0 f   ethercat_sfun:c66_ethercat.obj
 0001:000e55e0       sf_c62_ethercat_get_eml_resolved_functions_info 00000001800e65e0 f   ethercat_sfun:c62_ethercat.obj
 0001:000e5660       sf_c62_ethercat_get_check_sum 00000001800e6660 f   ethercat_sfun:c62_ethercat.obj
 0001:000e56e0       sf_c62_ethercat_get_autoinheritance_info 00000001800e66e0 f   ethercat_sfun:c62_ethercat.obj
 0001:000e6a50       sf_c62_ethercat_third_party_uses_info 00000001800e7a50 f   ethercat_sfun:c62_ethercat.obj
 0001:000e6a80       sf_c62_ethercat_jit_fallback_info 00000001800e7a80 f   ethercat_sfun:c62_ethercat.obj
 0001:000e6bc0       sf_c62_ethercat_updateBuildInfo_args_info 00000001800e7bc0 f   ethercat_sfun:c62_ethercat.obj
 0001:000e6bf0       sf_c62_ethercat_get_post_codegen_info 00000001800e7bf0 f   ethercat_sfun:c62_ethercat.obj
 0001:000e6cc0       sf_c62_ethercat_get_testpoint_info 00000001800e7cc0 f   ethercat_sfun:c62_ethercat.obj
 0001:000e6cd0       c62_ethercat_method_dispatcher 00000001800e7cd0 f   ethercat_sfun:c62_ethercat.obj
 0001:000f5ed0       sf_c53_ethercat_get_eml_resolved_functions_info 00000001800f6ed0 f   ethercat_sfun:c53_ethercat.obj
 0001:000f5f50       sf_c53_ethercat_get_check_sum 00000001800f6f50 f   ethercat_sfun:c53_ethercat.obj
 0001:000f5fd0       sf_c53_ethercat_get_autoinheritance_info 00000001800f6fd0 f   ethercat_sfun:c53_ethercat.obj
 0001:000f6610       sf_c53_ethercat_third_party_uses_info 00000001800f7610 f   ethercat_sfun:c53_ethercat.obj
 0001:000f6640       sf_c53_ethercat_jit_fallback_info 00000001800f7640 f   ethercat_sfun:c53_ethercat.obj
 0001:000f6780       sf_c53_ethercat_updateBuildInfo_args_info 00000001800f7780 f   ethercat_sfun:c53_ethercat.obj
 0001:000f67b0       sf_c53_ethercat_get_post_codegen_info 00000001800f77b0 f   ethercat_sfun:c53_ethercat.obj
 0001:000f6880       c53_ethercat_method_dispatcher 00000001800f7880 f   ethercat_sfun:c53_ethercat.obj
 0001:000f96b0       sf_c52_ethercat_get_eml_resolved_functions_info 00000001800fa6b0 f   ethercat_sfun:c52_ethercat.obj
 0001:000f9730       sf_c52_ethercat_get_check_sum 00000001800fa730 f   ethercat_sfun:c52_ethercat.obj
 0001:000f97b0       sf_c52_ethercat_get_autoinheritance_info 00000001800fa7b0 f   ethercat_sfun:c52_ethercat.obj
 0001:000f9f70       sf_c52_ethercat_third_party_uses_info 00000001800faf70 f   ethercat_sfun:c52_ethercat.obj
 0001:000f9fa0       sf_c52_ethercat_jit_fallback_info 00000001800fafa0 f   ethercat_sfun:c52_ethercat.obj
 0001:000fa0e0       sf_c52_ethercat_updateBuildInfo_args_info 00000001800fb0e0 f   ethercat_sfun:c52_ethercat.obj
 0001:000fa110       sf_c52_ethercat_get_post_codegen_info 00000001800fb110 f   ethercat_sfun:c52_ethercat.obj
 0001:000fa1e0       sf_c52_ethercat_get_testpoint_info 00000001800fb1e0 f   ethercat_sfun:c52_ethercat.obj
 0001:000fa1f0       c52_ethercat_method_dispatcher 00000001800fb1f0 f   ethercat_sfun:c52_ethercat.obj
 0001:000ff670       sf_c50_ethercat_get_eml_resolved_functions_info 0000000180100670 f   ethercat_sfun:c50_ethercat.obj
 0001:000ff6f0       sf_c50_ethercat_get_check_sum 00000001801006f0 f   ethercat_sfun:c50_ethercat.obj
 0001:000ff770       sf_c50_ethercat_get_autoinheritance_info 0000000180100770 f   ethercat_sfun:c50_ethercat.obj
 0001:000fff30       sf_c50_ethercat_third_party_uses_info 0000000180100f30 f   ethercat_sfun:c50_ethercat.obj
 0001:000fff60       sf_c50_ethercat_jit_fallback_info 0000000180100f60 f   ethercat_sfun:c50_ethercat.obj
 0001:001000a0       sf_c50_ethercat_updateBuildInfo_args_info 00000001801010a0 f   ethercat_sfun:c50_ethercat.obj
 0001:001000d0       sf_c50_ethercat_get_post_codegen_info 00000001801010d0 f   ethercat_sfun:c50_ethercat.obj
 0001:001001a0       sf_c50_ethercat_get_testpoint_info 00000001801011a0 f   ethercat_sfun:c50_ethercat.obj
 0001:001001b0       c50_ethercat_method_dispatcher 00000001801011b0 f   ethercat_sfun:c50_ethercat.obj
 0001:00105600       sf_c49_ethercat_get_eml_resolved_functions_info 0000000180106600 f   ethercat_sfun:c49_ethercat.obj
 0001:00105680       sf_c49_ethercat_get_check_sum 0000000180106680 f   ethercat_sfun:c49_ethercat.obj
 0001:00105700       sf_c49_ethercat_get_autoinheritance_info 0000000180106700 f   ethercat_sfun:c49_ethercat.obj
 0001:00106a70       sf_c49_ethercat_third_party_uses_info 0000000180107a70 f   ethercat_sfun:c49_ethercat.obj
 0001:00106aa0       sf_c49_ethercat_jit_fallback_info 0000000180107aa0 f   ethercat_sfun:c49_ethercat.obj
 0001:00106be0       sf_c49_ethercat_updateBuildInfo_args_info 0000000180107be0 f   ethercat_sfun:c49_ethercat.obj
 0001:00106c10       sf_c49_ethercat_get_post_codegen_info 0000000180107c10 f   ethercat_sfun:c49_ethercat.obj
 0001:00106ce0       sf_c49_ethercat_get_testpoint_info 0000000180107ce0 f   ethercat_sfun:c49_ethercat.obj
 0001:00106cf0       c49_ethercat_method_dispatcher 0000000180107cf0 f   ethercat_sfun:c49_ethercat.obj
 0001:00114460       sf_c47_ethercat_get_eml_resolved_functions_info 0000000180115460 f   ethercat_sfun:c47_ethercat.obj
 0001:001144e0       sf_c47_ethercat_get_check_sum 00000001801154e0 f   ethercat_sfun:c47_ethercat.obj
 0001:00114560       sf_c47_ethercat_get_autoinheritance_info 0000000180115560 f   ethercat_sfun:c47_ethercat.obj
 0001:001158d0       sf_c47_ethercat_third_party_uses_info 00000001801168d0 f   ethercat_sfun:c47_ethercat.obj
 0001:00115900       sf_c47_ethercat_jit_fallback_info 0000000180116900 f   ethercat_sfun:c47_ethercat.obj
 0001:00115a40       sf_c47_ethercat_updateBuildInfo_args_info 0000000180116a40 f   ethercat_sfun:c47_ethercat.obj
 0001:00115a70       sf_c47_ethercat_get_post_codegen_info 0000000180116a70 f   ethercat_sfun:c47_ethercat.obj
 0001:00115b40       sf_c47_ethercat_get_testpoint_info 0000000180116b40 f   ethercat_sfun:c47_ethercat.obj
 0001:00115b50       c47_ethercat_method_dispatcher 0000000180116b50 f   ethercat_sfun:c47_ethercat.obj
 0001:00124d00       sf_c43_ethercat_get_eml_resolved_functions_info 0000000180125d00 f   ethercat_sfun:c43_ethercat.obj
 0001:00124d80       sf_c43_ethercat_get_check_sum 0000000180125d80 f   ethercat_sfun:c43_ethercat.obj
 0001:00124e00       sf_c43_ethercat_get_autoinheritance_info 0000000180125e00 f   ethercat_sfun:c43_ethercat.obj
 0001:00126170       sf_c43_ethercat_third_party_uses_info 0000000180127170 f   ethercat_sfun:c43_ethercat.obj
 0001:001261a0       sf_c43_ethercat_jit_fallback_info 00000001801271a0 f   ethercat_sfun:c43_ethercat.obj
 0001:001262e0       sf_c43_ethercat_updateBuildInfo_args_info 00000001801272e0 f   ethercat_sfun:c43_ethercat.obj
 0001:00126310       sf_c43_ethercat_get_post_codegen_info 0000000180127310 f   ethercat_sfun:c43_ethercat.obj
 0001:001263e0       sf_c43_ethercat_get_testpoint_info 00000001801273e0 f   ethercat_sfun:c43_ethercat.obj
 0001:001263f0       c43_ethercat_method_dispatcher 00000001801273f0 f   ethercat_sfun:c43_ethercat.obj
 0001:001355f0       sf_c12_ethercat_get_eml_resolved_functions_info 00000001801365f0 f   ethercat_sfun:c12_ethercat.obj
 0001:00135670       sf_c12_ethercat_get_check_sum 0000000180136670 f   ethercat_sfun:c12_ethercat.obj
 0001:001356f0       sf_c12_ethercat_get_autoinheritance_info 00000001801366f0 f   ethercat_sfun:c12_ethercat.obj
 0001:00135eb0       sf_c12_ethercat_third_party_uses_info 0000000180136eb0 f   ethercat_sfun:c12_ethercat.obj
 0001:00135ee0       sf_c12_ethercat_jit_fallback_info 0000000180136ee0 f   ethercat_sfun:c12_ethercat.obj
 0001:00136020       sf_c12_ethercat_updateBuildInfo_args_info 0000000180137020 f   ethercat_sfun:c12_ethercat.obj
 0001:00136050       sf_c12_ethercat_get_post_codegen_info 0000000180137050 f   ethercat_sfun:c12_ethercat.obj
 0001:00136120       c12_ethercat_method_dispatcher 0000000180137120 f   ethercat_sfun:c12_ethercat.obj
 0001:00138d80       sf_c2_ethercat_get_eml_resolved_functions_info 0000000180139d80 f   ethercat_sfun:c2_ethercat.obj
 0001:00138e00       sf_c2_ethercat_get_check_sum 0000000180139e00 f   ethercat_sfun:c2_ethercat.obj
 0001:00138e80       sf_c2_ethercat_get_autoinheritance_info 0000000180139e80 f   ethercat_sfun:c2_ethercat.obj
 0001:00139640       sf_c2_ethercat_third_party_uses_info 000000018013a640 f   ethercat_sfun:c2_ethercat.obj
 0001:00139670       sf_c2_ethercat_jit_fallback_info 000000018013a670 f   ethercat_sfun:c2_ethercat.obj
 0001:001397b0       sf_c2_ethercat_updateBuildInfo_args_info 000000018013a7b0 f   ethercat_sfun:c2_ethercat.obj
 0001:001397e0       sf_c2_ethercat_get_post_codegen_info 000000018013a7e0 f   ethercat_sfun:c2_ethercat.obj
 0001:001398b0       c2_ethercat_method_dispatcher 000000018013a8b0 f   ethercat_sfun:c2_ethercat.obj
 0001:0013c4f0       KINARM_loads_initializer   000000018013d4f0 f   KINARM_loads_sfun:KINARM_loads_sfun.obj
 0001:0013c500       KINARM_loads_terminator    000000018013d500 f   KINARM_loads_sfun:KINARM_loads_sfun.obj
 0001:0013c510       sf_KINARM_loads_method_dispatcher 000000018013d510 f   KINARM_loads_sfun:KINARM_loads_sfun.obj
 0001:0013c580       sf_KINARM_loads_uses_exported_functions 000000018013d580 f   KINARM_loads_sfun:KINARM_loads_sfun.obj
 0001:0013c5c0       sf_KINARM_loads_process_testpoint_info_call 000000018013d5c0 f   KINARM_loads_sfun:KINARM_loads_sfun.obj
 0001:0013c760       sf_KINARM_loads_process_check_sum_call 000000018013d760 f   KINARM_loads_sfun:KINARM_loads_sfun.obj
 0001:0013ca40       sf_KINARM_loads_autoinheritance_info 000000018013da40 f   KINARM_loads_sfun:KINARM_loads_sfun.obj
 0001:0013cc00       sf_KINARM_loads_get_eml_resolved_functions_info 000000018013dc00 f   KINARM_loads_sfun:KINARM_loads_sfun.obj
 0001:0013cd70       sf_KINARM_loads_third_party_uses_info 000000018013dd70 f   KINARM_loads_sfun:KINARM_loads_sfun.obj
 0001:0013cef0       sf_KINARM_loads_jit_fallback_info 000000018013def0 f   KINARM_loads_sfun:KINARM_loads_sfun.obj
 0001:0013d070       sf_KINARM_loads_updateBuildInfo_args_info 000000018013e070 f   KINARM_loads_sfun:KINARM_loads_sfun.obj
 0001:0013d1f0       sf_KINARM_loads_get_post_codegen_info 000000018013e1f0 f   KINARM_loads_sfun:KINARM_loads_sfun.obj
 0001:0013d2f0       KINARM_loads_debug_initialize 000000018013e2f0 f   KINARM_loads_sfun:KINARM_loads_sfun.obj
 0001:0013d380       KINARM_loads_register_exported_symbols 000000018013e380 f   KINARM_loads_sfun:KINARM_loads_sfun.obj
 0001:0013d390       load_KINARM_loads_optimization_info 000000018013e390 f   KINARM_loads_sfun:KINARM_loads_sfun.obj
 0001:0013d3e0       unload_KINARM_loads_optimization_info 000000018013e3e0 f   KINARM_loads_sfun:KINARM_loads_sfun.obj
 0001:0013d410       sf_c40_KINARM_loads_get_eml_resolved_functions_info 000000018013e410 f   KINARM_loads_sfun:c40_KINARM_loads.obj
 0001:0013d490       sf_c40_KINARM_loads_get_check_sum 000000018013e490 f   KINARM_loads_sfun:c40_KINARM_loads.obj
 0001:0013d510       sf_c40_KINARM_loads_get_autoinheritance_info 000000018013e510 f   KINARM_loads_sfun:c40_KINARM_loads.obj
 0001:0013dfb0       sf_c40_KINARM_loads_third_party_uses_info 000000018013efb0 f   KINARM_loads_sfun:c40_KINARM_loads.obj
 0001:0013dfe0       sf_c40_KINARM_loads_jit_fallback_info 000000018013efe0 f   KINARM_loads_sfun:c40_KINARM_loads.obj
 0001:0013e120       sf_c40_KINARM_loads_updateBuildInfo_args_info 000000018013f120 f   KINARM_loads_sfun:c40_KINARM_loads.obj
 0001:0013e150       sf_c40_KINARM_loads_get_post_codegen_info 000000018013f150 f   KINARM_loads_sfun:c40_KINARM_loads.obj
 0001:0013e220       sf_c40_KINARM_loads_get_testpoint_info 000000018013f220 f   KINARM_loads_sfun:c40_KINARM_loads.obj
 0001:0013e230       c40_KINARM_loads_method_dispatcher 000000018013f230 f   KINARM_loads_sfun:c40_KINARM_loads.obj
 0001:00148980       sf_c39_KINARM_loads_get_eml_resolved_functions_info 0000000180149980 f   KINARM_loads_sfun:c39_KINARM_loads.obj
 0001:00148a00       sf_c39_KINARM_loads_get_check_sum 0000000180149a00 f   KINARM_loads_sfun:c39_KINARM_loads.obj
 0001:00148a80       sf_c39_KINARM_loads_get_autoinheritance_info 0000000180149a80 f   KINARM_loads_sfun:c39_KINARM_loads.obj
 0001:00149520       sf_c39_KINARM_loads_third_party_uses_info 000000018014a520 f   KINARM_loads_sfun:c39_KINARM_loads.obj
 0001:00149550       sf_c39_KINARM_loads_jit_fallback_info 000000018014a550 f   KINARM_loads_sfun:c39_KINARM_loads.obj
 0001:00149690       sf_c39_KINARM_loads_updateBuildInfo_args_info 000000018014a690 f   KINARM_loads_sfun:c39_KINARM_loads.obj
 0001:001496c0       sf_c39_KINARM_loads_get_post_codegen_info 000000018014a6c0 f   KINARM_loads_sfun:c39_KINARM_loads.obj
 0001:00149790       sf_c39_KINARM_loads_get_testpoint_info 000000018014a790 f   KINARM_loads_sfun:c39_KINARM_loads.obj
 0001:001497a0       c39_KINARM_loads_method_dispatcher 000000018014a7a0 f   KINARM_loads_sfun:c39_KINARM_loads.obj
 0001:00153eec       __GSHandlerCheckCommon     0000000180154eec f   MSVCRT:gshandler.obj
 0001:00153f50       __GSHandlerCheck           0000000180154f50 f   MSVCRT:gshandler.obj
 0001:00153f6e       strcmp                     0000000180154f6e f   MSVCRT:MSVCR100.dll
 0001:00153f90       __security_check_cookie    0000000180154f90 f   MSVCRT:amdsecgs.obj
 0001:00153fb0       memset                     0000000180154fb0 f   MSVCRT:MSVCR100.dll
 0001:00153fd0       _alloca_probe              0000000180154fd0     MSVCRT:chkstk.obj
 0001:00153fd0       __chkstk                   0000000180154fd0 f   MSVCRT:chkstk.obj
 0001:0015401e       free                       000000018015501e f   MSVCRT:MSVCR100.dll
 0001:00154024       sprintf                    0000000180155024 f   MSVCRT:MSVCR100.dll
 0001:0015402a       malloc                     000000018015502a f   MSVCRT:MSVCR100.dll
 0001:00154030       strlen                     0000000180155030 f   MSVCRT:MSVCR100.dll
 0001:00154036       strcat                     0000000180155036 f   MSVCRT:MSVCR100.dll
 0001:0015403c       memcpy                     000000018015503c f   MSVCRT:MSVCR100.dll
 0001:00154044       NtCurrentTeb               0000000180155044 f i MSVCRT:crtdll.obj
 0001:001540b0       _CRT_INIT                  00000001801550b0 f   MSVCRT:crtdll.obj
 0001:00154448       _DllMainCRTStartup         0000000180155448 f   MSVCRT:crtdll.obj
 0001:00154486       rand                       0000000180155486 f   MSVCRT:MSVCR100.dll
 0001:0015448c       srand                      000000018015548c f   MSVCRT:MSVCR100.dll
 0001:00154494       __report_gsfailure         0000000180155494 f   MSVCRT:gs_report.obj
 0001:001545e0       __clean_type_info_names    00000001801555e0 f   MSVCRT:tncleanup.obj
 0001:001545ec       _onexit                    00000001801555ec f   MSVCRT:atonexit.obj
 0001:0015469c       atexit                     000000018015569c f   MSVCRT:atonexit.obj
 0001:001546b4       _RTC_Initialize            00000001801556b4 f   MSVCRT:_initsect_.obj
 0001:001546ec       _RTC_Terminate             00000001801556ec f   MSVCRT:_initsect_.obj
 0001:00154724       _malloc_crt                0000000180155724 f   MSVCRT:MSVCR100.dll
 0001:00154730       _ValidateImageBase         0000000180155730 f   MSVCRT:pesect.obj
 0001:00154760       _FindPESection             0000000180155760 f   MSVCRT:pesect.obj
 0001:001547b0       _IsNonwritableInCurrentImage 00000001801557b0 f   MSVCRT:pesect.obj
 0001:001547f2       _initterm                  00000001801557f2 f   MSVCRT:MSVCR100.dll
 0001:001547f8       _initterm_e                00000001801557f8 f   MSVCRT:MSVCR100.dll
 0001:001547fe       _encoded_null              00000001801557fe f   MSVCRT:MSVCR100.dll
 0001:00154804       _amsg_exit                 0000000180155804 f   MSVCRT:MSVCR100.dll
 0001:0015480a       __C_specific_handler       000000018015580a f   MSVCRT:MSVCR100.dll
 0001:00154810       __CppXcptFilter            0000000180155810 f   MSVCRT:MSVCR100.dll
 0001:00154818       DllMain                    0000000180155818 f   MSVCRT:dllmain.obj
 0001:0015483c       __security_init_cookie     000000018015583c f   MSVCRT:gs_support.obj
 0001:001548f0       __crt_debugger_hook        00000001801558f0 f   MSVCRT:MSVCR100.dll
 0001:001548f6       __clean_type_info_names_internal 00000001801558f6 f   MSVCRT:MSVCR100.dll
 0001:001548fc       _unlock                    00000001801558fc f   MSVCRT:MSVCR100.dll
 0001:00154902       __dllonexit                0000000180155902 f   MSVCRT:MSVCR100.dll
 0001:00154908       _lock                      0000000180155908 f   MSVCRT:MSVCR100.dll
 0001:0015490e       EncodePointer              000000018015590e f   kernel32:KERNEL32.dll
 0001:00154914       DecodePointer              0000000180155914 f   kernel32:KERNEL32.dll
 0001:0015491a       Sleep                      000000018015591a f   kernel32:KERNEL32.dll
 0001:00154920       TerminateProcess           0000000180155920 f   kernel32:KERNEL32.dll
 0001:00154926       GetCurrentProcess          0000000180155926 f   kernel32:KERNEL32.dll
 0001:0015492c       UnhandledExceptionFilter   000000018015592c f   kernel32:KERNEL32.dll
 0001:00154932       SetUnhandledExceptionFilter 0000000180155932 f   kernel32:KERNEL32.dll
 0001:00154938       IsDebuggerPresent          0000000180155938 f   kernel32:KERNEL32.dll
 0001:0015493e       RtlVirtualUnwind           000000018015593e f   kernel32:KERNEL32.dll
 0001:00154944       RtlLookupFunctionEntry     0000000180155944 f   kernel32:KERNEL32.dll
 0001:0015494a       RtlCaptureContext          000000018015594a f   kernel32:KERNEL32.dll
 0001:00154950       DisableThreadLibraryCalls  0000000180155950 f   kernel32:KERNEL32.dll
 0001:00154956       QueryPerformanceCounter    0000000180155956 f   kernel32:KERNEL32.dll
 0001:0015495c       GetTickCount               000000018015595c f   kernel32:KERNEL32.dll
 0001:00154962       GetCurrentThreadId         0000000180155962 f   kernel32:KERNEL32.dll
 0001:00154968       GetCurrentProcessId        0000000180155968 f   kernel32:KERNEL32.dll
 0001:0015496e       GetSystemTimeAsFileTime    000000018015596e f   kernel32:KERNEL32.dll
 0001:00154974       sf_mex_listen_for_ctrl_c_with_debugger 0000000180155974 f   sf_runtime:sf_runtime.dll
 0001:0015497a       sf_mark_output_events_with_multiple_callers 000000018015597a f   sf_runtime:sf_runtime.dll
 0001:00154980       sf_call_output_fcn_enable  0000000180155980 f   sf_runtime:sf_runtime.dll
 0001:00154986       sf_call_output_fcn_disable 0000000180155986 f   sf_runtime:sf_runtime.dll
 0001:0015498c       sf_call_output_fcn_call    000000018015598c f   sf_runtime:sf_runtime.dll
 0001:00154992       cv_eml_init_fcn            0000000180155992 f   sf_runtime:sf_runtime.dll
 0001:00154998       cv_eml_init_script         0000000180155998 f   sf_runtime:sf_runtime.dll
 0001:0015499e       eml_debug_line_call        000000018015599e f   sf_runtime:sf_runtime.dll
 0001:001549a4       cv_eml_eval                00000001801559a4 f   sf_runtime:sf_runtime.dll
 0001:001549aa       sf_debug_symbol_scope_add_eml 00000001801559aa f   sf_runtime:sf_runtime.dll
 0001:001549b0       sf_debug_symbol_scope_add_eml_importable 00000001801559b0 f   sf_runtime:sf_runtime.dll
 0001:001549b6       sf_debug_symbol_scope_push_eml 00000001801559b6 f   sf_runtime:sf_runtime.dll
 0001:001549bc       cv_eml_init_relational     00000001801559bc f   sf_runtime:sf_runtime.dll
 0001:001549c2       cv_eml_init_if             00000001801559c2 f   sf_runtime:sf_runtime.dll
 0001:001549c8       cv_eml_init_saturation     00000001801559c8 f   sf_runtime:sf_runtime.dll
 0001:001549ce       cv_eval_saturation         00000001801559ce f   sf_runtime:sf_runtime.dll
 0001:001549d4       cv_eml_init_for            00000001801559d4 f   sf_runtime:sf_runtime.dll
 0001:001549da       sf_debug_eml_data_array_bounds_error_check 00000001801559da f   sf_runtime:sf_runtime.dll
 0001:001549e0       sf_debug_integer_check     00000001801559e0 f   sf_runtime:sf_runtime.dll
 0001:001549e6       muDoubleScalarRem          00000001801559e6 f   libmwmathutil:libmwmathutil.dll
 0001:001549ec       muDoubleScalarRound        00000001801559ec f   libmwmathutil:libmwmathutil.dll
 0001:001549f2       muDoubleScalarPower        00000001801559f2 f   libmwmathutil:libmwmathutil.dll
 0002:00000000       __imp_RtlCaptureContext    0000000180156000     kernel32:KERNEL32.dll
 0002:00000008       __imp_DecodePointer        0000000180156008     kernel32:KERNEL32.dll
 0002:00000010       __imp_Sleep                0000000180156010     kernel32:KERNEL32.dll
 0002:00000018       __imp_GetSystemTimeAsFileTime 0000000180156018     kernel32:KERNEL32.dll
 0002:00000020       __imp_GetCurrentProcessId  0000000180156020     kernel32:KERNEL32.dll
 0002:00000028       __imp_GetCurrentThreadId   0000000180156028     kernel32:KERNEL32.dll
 0002:00000030       __imp_GetTickCount         0000000180156030     kernel32:KERNEL32.dll
 0002:00000038       __imp_QueryPerformanceCounter 0000000180156038     kernel32:KERNEL32.dll
 0002:00000040       __imp_DisableThreadLibraryCalls 0000000180156040     kernel32:KERNEL32.dll
 0002:00000048       __imp_EncodePointer        0000000180156048     kernel32:KERNEL32.dll
 0002:00000050       __imp_RtlLookupFunctionEntry 0000000180156050     kernel32:KERNEL32.dll
 0002:00000058       __imp_RtlVirtualUnwind     0000000180156058     kernel32:KERNEL32.dll
 0002:00000060       __imp_IsDebuggerPresent    0000000180156060     kernel32:KERNEL32.dll
 0002:00000068       __imp_SetUnhandledExceptionFilter 0000000180156068     kernel32:KERNEL32.dll
 0002:00000070       __imp_UnhandledExceptionFilter 0000000180156070     kernel32:KERNEL32.dll
 0002:00000078       __imp_GetCurrentProcess    0000000180156078     kernel32:KERNEL32.dll
 0002:00000080       __imp_TerminateProcess     0000000180156080     kernel32:KERNEL32.dll
 0002:00000088       \177KERNEL32_NULL_THUNK_DATA 0000000180156088     kernel32:KERNEL32.dll
 0002:00000090       __imp_memset               0000000180156090     MSVCRT:MSVCR100.dll
 0002:00000098       __imp___C_specific_handler 0000000180156098     MSVCRT:MSVCR100.dll
 0002:000000a0       __imp_free                 00000001801560a0     MSVCRT:MSVCR100.dll
 0002:000000a8       __imp__onexit              00000001801560a8     MSVCRT:MSVCR100.dll
 0002:000000b0       __imp__lock                00000001801560b0     MSVCRT:MSVCR100.dll
 0002:000000b8       __imp___dllonexit          00000001801560b8     MSVCRT:MSVCR100.dll
 0002:000000c0       __imp__unlock              00000001801560c0     MSVCRT:MSVCR100.dll
 0002:000000c8       __imp___clean_type_info_names_internal 00000001801560c8     MSVCRT:MSVCR100.dll
 0002:000000d0       __imp___crt_debugger_hook  00000001801560d0     MSVCRT:MSVCR100.dll
 0002:000000d8       __imp___CppXcptFilter      00000001801560d8     MSVCRT:MSVCR100.dll
 0002:000000e0       __imp_sprintf              00000001801560e0     MSVCRT:MSVCR100.dll
 0002:000000e8       __imp__amsg_exit           00000001801560e8     MSVCRT:MSVCR100.dll
 0002:000000f0       __imp__encoded_null        00000001801560f0     MSVCRT:MSVCR100.dll
 0002:000000f8       __imp__initterm_e          00000001801560f8     MSVCRT:MSVCR100.dll
 0002:00000100       __imp__initterm            0000000180156100     MSVCRT:MSVCR100.dll
 0002:00000108       __imp__malloc_crt          0000000180156108     MSVCRT:MSVCR100.dll
 0002:00000110       __imp_srand                0000000180156110     MSVCRT:MSVCR100.dll
 0002:00000118       __imp_rand                 0000000180156118     MSVCRT:MSVCR100.dll
 0002:00000120       __imp_memcpy               0000000180156120     MSVCRT:MSVCR100.dll
 0002:00000128       __imp_strcat               0000000180156128     MSVCRT:MSVCR100.dll
 0002:00000130       __imp_strlen               0000000180156130     MSVCRT:MSVCR100.dll
 0002:00000138       __imp_malloc               0000000180156138     MSVCRT:MSVCR100.dll
 0002:00000140       __imp_strcmp               0000000180156140     MSVCRT:MSVCR100.dll
 0002:00000148       \177MSVCR100_NULL_THUNK_DATA 0000000180156148     MSVCRT:MSVCR100.dll
 0002:00000150       __imp_mexUnlock            0000000180156150     libmex:libmex.dll
 0002:00000158       __imp_mexIsLocked          0000000180156158     libmex:libmex.dll
 0002:00000160       __imp_mexMakeArrayPersistent 0000000180156160     libmex:libmex.dll
 0002:00000168       __imp_mexWarnMsgTxt        0000000180156168     libmex:libmex.dll
 0002:00000170       __imp_mexCallMATLABWithObject 0000000180156170     libmex:libmex.dll
 0002:00000178       __imp_mexErrMsgTxt         0000000180156178     libmex:libmex.dll
 0002:00000180       __imp_mexLock              0000000180156180     libmex:libmex.dll
 0002:00000188       \177libmex_NULL_THUNK_DATA 0000000180156188     libmex:libmex.dll
 0002:00000190       __imp_muDoubleScalarCeil   0000000180156190     libmwmathutil:libmwmathutil.dll
 0002:00000198       __imp_muDoubleScalarSin    0000000180156198     libmwmathutil:libmwmathutil.dll
 0002:000001a0       __imp_muDoubleScalarAbs    00000001801561a0     libmwmathutil:libmwmathutil.dll
 0002:000001a8       __imp_muDoubleScalarRem    00000001801561a8     libmwmathutil:libmwmathutil.dll
 0002:000001b0       __imp_muDoubleScalarRound  00000001801561b0     libmwmathutil:libmwmathutil.dll
 0002:000001b8       __imp_muDoubleScalarPower  00000001801561b8     libmwmathutil:libmwmathutil.dll
 0002:000001c0       __imp_muDoubleScalarFloor  00000001801561c0     libmwmathutil:libmwmathutil.dll
 0002:000001c8       \177libmwmathutil_NULL_THUNK_DATA 00000001801561c8     libmwmathutil:libmwmathutil.dll
 0002:000001d0       __imp_mxCalloc             00000001801561d0     libmx:libmx.dll
 0002:000001d8       __imp_mxGetM               00000001801561d8     libmx:libmx.dll
 0002:000001e0       __imp_mxGetN               00000001801561e0     libmx:libmx.dll
 0002:000001e8       __imp_mxIsComplex          00000001801561e8     libmx:libmx.dll
 0002:000001f0       __imp_mxIsNumeric          00000001801561f0     libmx:libmx.dll
 0002:000001f8       __imp_mxGetClassID         00000001801561f8     libmx:libmx.dll
 0002:00000200       __imp_mxCreateStructArray_730 0000000180156200     libmx:libmx.dll
 0002:00000208       __imp_mxCreateCellArray_730 0000000180156208     libmx:libmx.dll
 0002:00000210       __imp_mxCreateCellMatrix_730 0000000180156210     libmx:libmx.dll
 0002:00000218       __imp_mxCreateStructMatrix_730 0000000180156218     libmx:libmx.dll
 0002:00000220       __imp_mxCreateString       0000000180156220     libmx:libmx.dll
 0002:00000228       __imp_mxSetField_730       0000000180156228     libmx:libmx.dll
 0002:00000230       __imp_mxCreateDoubleScalar 0000000180156230     libmx:libmx.dll
 0002:00000238       __imp_mxDuplicateArray     0000000180156238     libmx:libmx.dll
 0002:00000240       __imp_mxDestroyArray       0000000180156240     libmx:libmx.dll
 0002:00000248       __imp_mxGetPr              0000000180156248     libmx:libmx.dll
 0002:00000250       __imp_mxIsChar             0000000180156250     libmx:libmx.dll
 0002:00000258       __imp_mxGetString_730      0000000180156258     libmx:libmx.dll
 0002:00000260       __imp_mxGetScalar          0000000180156260     libmx:libmx.dll
 0002:00000268       __imp_mxCreateDoubleMatrix_730 0000000180156268     libmx:libmx.dll
 0002:00000270       __imp_mxCreateLogicalScalar 0000000180156270     libmx:libmx.dll
 0002:00000278       \177libmx_NULL_THUNK_DATA  0000000180156278     libmx:libmx.dll
 0002:00000280       __imp_utMalloc             0000000180156280     libut:libut.dll
 0002:00000288       __imp_utFree               0000000180156288     libut:libut.dll
 0002:00000290       \177libut_NULL_THUNK_DATA  0000000180156290     libut:libut.dll
 0002:00000298       __imp_sf_mex_error_direct_call 0000000180156298     sf_runtime:sf_runtime.dll
 0002:000002a0       __imp_sf_debug_api         00000001801562a0     sf_runtime:sf_runtime.dll
 0002:000002a8       __imp_sf_debug_create_debug_instance_struct 00000001801562a8     sf_runtime:sf_runtime.dll
 0002:000002b0       __imp_sf_debug_terminate   00000001801562b0     sf_runtime:sf_runtime.dll
 0002:000002b8       __imp_sf_mex_call_debug    00000001801562b8     sf_runtime:sf_runtime.dll
 0002:000002c0       __imp_sf_clear_rtw_identifier 00000001801562c0     sf_runtime:sf_runtime.dll
 0002:000002c8       __imp_sf_mex_duplicatearraysafe 00000001801562c8     sf_runtime:sf_runtime.dll
 0002:000002d0       __imp_sf_mex_getcell       00000001801562d0     sf_runtime:sf_runtime.dll
 0002:000002d8       __imp_sf_mex_createcellmatrix 00000001801562d8     sf_runtime:sf_runtime.dll
 0002:000002e0       __imp_sf_mex_setcell       00000001801562e0     sf_runtime:sf_runtime.dll
 0002:000002e8       __imp_sf_debug_get_animation 00000001801562e8     sf_runtime:sf_runtime.dll
 0002:000002f0       __imp_sf_debug_set_animation 00000001801562f0     sf_runtime:sf_runtime.dll
 0002:000002f8       __imp_sf_debug_set_honor_breakpoints 00000001801562f8     sf_runtime:sf_runtime.dll
 0002:00000300       __imp_sf_debug_animate     0000000180156300     sf_runtime:sf_runtime.dll
 0002:00000308       __imp_sf_clear_error_manager_info 0000000180156308     sf_runtime:sf_runtime.dll
 0002:00000310       __imp_sf_mex_printf        0000000180156310     sf_runtime:sf_runtime.dll
 0002:00000318       __imp_sf_debug_data_array_bounds_error_check 0000000180156318     sf_runtime:sf_runtime.dll
 0002:00000320       __imp_cv_eval_point        0000000180156320     sf_runtime:sf_runtime.dll
 0002:00000328       __imp_cv_eval_relational   0000000180156328     sf_runtime:sf_runtime.dll
 0002:00000330       __imp_sf_debug_temporal_threshold 0000000180156330     sf_runtime:sf_runtime.dll
 0002:00000338       __imp_sf_mex_sub           0000000180156338     sf_runtime:sf_runtime.dll
 0002:00000340       __imp_sf_debug_symbol_scope_push 0000000180156340     sf_runtime:sf_runtime.dll
 0002:00000348       __imp_sf_debug_call        0000000180156348     sf_runtime:sf_runtime.dll
 0002:00000350       __imp_sf_debug_data_range_wrapper 0000000180156350     sf_runtime:sf_runtime.dll
 0002:00000358       __imp_sf_debug_data_range_error_wrapper_min_max 0000000180156358     sf_runtime:sf_runtime.dll
 0002:00000360       __imp_sf_debug_symbol_scope_pop 0000000180156360     sf_runtime:sf_runtime.dll
 0002:00000368       __imp_sf_debug_check_for_state_inconsistency 0000000180156368     sf_runtime:sf_runtime.dll
 0002:00000370       __imp_sf_get_dwork_info_from_mat_file 0000000180156370     sf_runtime:sf_runtime.dll
 0002:00000378       __imp_sf_debug_set_instance_data_value_ptr 0000000180156378     sf_runtime:sf_runtime.dll
 0002:00000380       __imp_sf_is_first_init_cond 0000000180156380     sf_runtime:sf_runtime.dll
 0002:00000388       __imp_sf_get_time          0000000180156388     sf_runtime:sf_runtime.dll
 0002:00000390       __imp_call_sf_machine_global_method_dispatcher 0000000180156390     sf_runtime:sf_runtime.dll
 0002:00000398       __imp_sf_debug_overflow_detection 0000000180156398     sf_runtime:sf_runtime.dll
 0002:000003a0       __imp_callMdlMethodAndReportError 00000001801563a0     sf_runtime:sf_runtime.dll
 0002:000003a8       __imp_sf_get_output_port_reusable 00000001801563a8     sf_runtime:sf_runtime.dll
 0002:000003b0       __imp_sf_mex_import        00000001801563b0     sf_runtime:sf_runtime.dll
 0002:000003b8       __imp_sf_mex_dup           00000001801563b8     sf_runtime:sf_runtime.dll
 0002:000003c0       __imp_sf_mex_destroy       00000001801563c0     sf_runtime:sf_runtime.dll
 0002:000003c8       __imp_sf_debug_initialize_chart 00000001801563c8     sf_runtime:sf_runtime.dll
 0002:000003d0       __imp_sf_debug_set_chart_disable_implicit_casting 00000001801563d0     sf_runtime:sf_runtime.dll
 0002:000003d8       __imp_sf_debug_set_chart_event_thresholds 00000001801563d8     sf_runtime:sf_runtime.dll
 0002:000003e0       __imp_sf_debug_set_chart_data_props 00000001801563e0     sf_runtime:sf_runtime.dll
 0002:000003e8       __imp_sf_debug_set_chart_event_scope 00000001801563e8     sf_runtime:sf_runtime.dll
 0002:000003f0       __imp_sf_debug_set_chart_state_info 00000001801563f0     sf_runtime:sf_runtime.dll
 0002:000003f8       __imp_sf_debug_set_chart_substate_count 00000001801563f8     sf_runtime:sf_runtime.dll
 0002:00000400       __imp_sf_debug_set_chart_decomposition 0000000180156400     sf_runtime:sf_runtime.dll
 0002:00000408       __imp_sf_debug_set_chart_substate_index 0000000180156408     sf_runtime:sf_runtime.dll
 0002:00000410       __imp_sf_debug_set_chart_state_substate_count 0000000180156410     sf_runtime:sf_runtime.dll
 0002:00000418       __imp_sf_debug_set_chart_state_substate_index 0000000180156418     sf_runtime:sf_runtime.dll
 0002:00000420       __imp_sf_debug_cv_init_chart 0000000180156420     sf_runtime:sf_runtime.dll
 0002:00000428       __imp_sf_debug_cv_init_state 0000000180156428     sf_runtime:sf_runtime.dll
 0002:00000430       __imp_sf_debug_cv_init_trans 0000000180156430     sf_runtime:sf_runtime.dll
 0002:00000438       __imp_sf_debug_cv_init_relationalop 0000000180156438     sf_runtime:sf_runtime.dll
 0002:00000440       __imp_sf_debug_set_chart_data_compiled_props 0000000180156440     sf_runtime:sf_runtime.dll
 0002:00000448       __imp_sf_debug_reset_current_state_configuration 0000000180156448     sf_runtime:sf_runtime.dll
 0002:00000450       __imp_sf_mex_decode_encoded_mx_struct_array 0000000180156450     sf_runtime:sf_runtime.dll
 0002:00000458       __imp_ssGetOutputPortSignal_wrapper 0000000180156458     sf_runtime:sf_runtime.dll
 0002:00000460       __imp_ssGetInputPortSignalPtrs_wrapper 0000000180156460     sf_runtime:sf_runtime.dll
 0002:00000468       __imp_ssGetDWork_wrapper   0000000180156468     sf_runtime:sf_runtime.dll
 0002:00000470       __imp_ssGetInputPortSignal_wrapper 0000000180156470     sf_runtime:sf_runtime.dll
 0002:00000478       __imp_sf_runtime_overflow_check_is_on 0000000180156478     sf_runtime:sf_runtime.dll
 0002:00000480       __imp_sf_set_encoded_dwork_info 0000000180156480     sf_runtime:sf_runtime.dll
 0002:00000488       __imp_sim_mode_is_rtw_gen  0000000180156488     sf_runtime:sf_runtime.dll
 0002:00000490       __imp_sim_mode_is_external 0000000180156490     sf_runtime:sf_runtime.dll
 0002:00000498       __imp_sf_is_chart_inlinable 0000000180156498     sf_runtime:sf_runtime.dll
 0002:000004a0       __imp_sf_rtw_info_uint_prop 00000001801564a0     sf_runtime:sf_runtime.dll
 0002:000004a8       __imp_sf_update_buildInfo  00000001801564a8     sf_runtime:sf_runtime.dll
 0002:000004b0       __imp_sf_mark_chart_expressionable_inputs 00000001801564b0     sf_runtime:sf_runtime.dll
 0002:000004b8       __imp_sf_mark_chart_reusable_outputs 00000001801564b8     sf_runtime:sf_runtime.dll
 0002:000004c0       __imp_sf_set_rtw_dwork_info 00000001801564c0     sf_runtime:sf_runtime.dll
 0002:000004c8       __imp_sf_mex_get_sfun_param 00000001801564c8     sf_runtime:sf_runtime.dll
 0002:000004d0       __imp_sf_mex_import_named  00000001801564d0     sf_runtime:sf_runtime.dll
 0002:000004d8       __imp_sf_mex_error_message 00000001801564d8     sf_runtime:sf_runtime.dll
 0002:000004e0       __imp_sf_mex_create        00000001801564e0     sf_runtime:sf_runtime.dll
 0002:000004e8       __imp_sf_mex_assign        00000001801564e8     sf_runtime:sf_runtime.dll
 0002:000004f0       __imp_sf_load_rtw_optimization_info 00000001801564f0     sf_runtime:sf_runtime.dll
 0002:000004f8       __imp_sf_debug_initialize_machine 00000001801564f8     sf_runtime:sf_runtime.dll
 0002:00000500       __imp_sf_debug_set_machine_event_thresholds 0000000180156500     sf_runtime:sf_runtime.dll
 0002:00000508       __imp_sf_debug_set_machine_data_thresholds 0000000180156508     sf_runtime:sf_runtime.dll
 0002:00000510       __imp_sf_debug_set_machine_data_scope 0000000180156510     sf_runtime:sf_runtime.dll
[...]
 0001:00135570       finalize_c43_ethercat      0000000180136570 f   ethercat_sfun:c43_ethercat.obj
 0001:001355a0       sf_get_sfun_dwork_checksum 00000001801365a0 f   ethercat_sfun:c43_ethercat.obj
 0001:001355b0       mdlRTW_c43_ethercat        00000001801365b0 f   ethercat_sfun:c43_ethercat.obj
 0001:00136190       mdlProcessParameters_c12_ethercat 0000000180137190 f   ethercat_sfun:c12_ethercat.obj
 0001:00136270       initialize_params_c12_ethercat 0000000180137270 f   ethercat_sfun:c12_ethercat.obj
 0001:00136280       mdlSetWorkWidths_c12_ethercat 0000000180137280 f   ethercat_sfun:c12_ethercat.obj
 0001:00136780       sf_get_instance_specialization 0000000180137780 f   ethercat_sfun:c12_ethercat.obj
 0001:00136790       mdlStart_c12_ethercat      0000000180137790 f   ethercat_sfun:c12_ethercat.obj
 0001:00136a10       init_dsm_address_info      0000000180137a10 f   ethercat_sfun:c12_ethercat.obj
 0001:00136a20       init_simulink_io_address   0000000180137a20 f   ethercat_sfun:c12_ethercat.obj
 0001:00136ab0       sf_get_sim_state_info_c12_ethercat 0000000180137ab0 f   ethercat_sfun:c12_ethercat.obj
 0001:00136b70       chart_debug_initialization 0000000180137b70 f   ethercat_sfun:c12_ethercat.obj
 0001:001373d0       init_script_number_translation 00000001801383d0 f   ethercat_sfun:c12_ethercat.obj
 0001:001373f0       c12_sf_marshallOut         00000001801383f0 f   ethercat_sfun:c12_ethercat.obj
 0001:001374a0       c12_sf_marshallIn          00000001801384a0 f   ethercat_sfun:c12_ethercat.obj
 0001:00137540       c12_b_emlrt_marshallIn     0000000180138540 f   ethercat_sfun:c12_ethercat.obj
 0001:001375d0       c12_b_sf_marshallOut       00000001801385d0 f   ethercat_sfun:c12_ethercat.obj
 0001:00137680       c12_b_sf_marshallIn        0000000180138680 f   ethercat_sfun:c12_ethercat.obj
 0001:00137720       c12_d_emlrt_marshallIn     0000000180138720 f   ethercat_sfun:c12_ethercat.obj
 0001:001377b0       c12_c_sf_marshallOut       00000001801387b0 f   ethercat_sfun:c12_ethercat.obj
 0001:00137860       c12_c_sf_marshallIn        0000000180138860 f   ethercat_sfun:c12_ethercat.obj
 0001:00137900       c12_f_emlrt_marshallIn     0000000180138900 f   ethercat_sfun:c12_ethercat.obj
 0001:00137990       sf_opaque_initialize_c12_ethercat 0000000180138990 f   ethercat_sfun:c12_ethercat.obj
 0001:001379d0       initialize_c12_ethercat    00000001801389d0 f   ethercat_sfun:c12_ethercat.obj
 0001:00137a40       initSimStructsc12_ethercat 0000000180138a40 f   ethercat_sfun:c12_ethercat.obj
 0001:00137a50       chart_debug_initialize_data_addresses 0000000180138a50 f   ethercat_sfun:c12_ethercat.obj
 0001:00137c00       sf_opaque_enable_c12_ethercat 0000000180138c00 f   ethercat_sfun:c12_ethercat.obj
 0001:00137c20       enable_c12_ethercat        0000000180138c20 f   ethercat_sfun:c12_ethercat.obj
 0001:00137c50       sf_opaque_disable_c12_ethercat 0000000180138c50 f   ethercat_sfun:c12_ethercat.obj
 0001:00137c70       disable_c12_ethercat       0000000180138c70 f   ethercat_sfun:c12_ethercat.obj
 0001:00137ca0       sf_opaque_gateway_c12_ethercat 0000000180138ca0 f   ethercat_sfun:c12_ethercat.obj
 0001:00137cc0       sf_gateway_c12_ethercat    0000000180138cc0 f   ethercat_sfun:c12_ethercat.obj
 0001:00138590       sf_opaque_get_sim_state_c12_ethercat 0000000180139590 f   ethercat_sfun:c12_ethercat.obj
 0001:001385e0       get_sim_state_c12_ethercat 00000001801395e0 f   ethercat_sfun:c12_ethercat.obj
 0001:001388b0       sf_opaque_set_sim_state_c12_ethercat 00000001801398b0 f   ethercat_sfun:c12_ethercat.obj
 0001:00138900       set_sim_state_c12_ethercat 0000000180139900 f   ethercat_sfun:c12_ethercat.obj
 0001:00138a60       c12_update_debugger_state_c12_ethercat 0000000180139a60 f   ethercat_sfun:c12_ethercat.obj
 0001:00138a70       c12_emlrt_marshallIn       0000000180139a70 f   ethercat_sfun:c12_ethercat.obj
 0001:00138ae0       c12_c_emlrt_marshallIn     0000000180139ae0 f   ethercat_sfun:c12_ethercat.obj
 0001:00138b40       c12_e_emlrt_marshallIn     0000000180139b40 f   ethercat_sfun:c12_ethercat.obj
 0001:00138ba0       c12_g_emlrt_marshallIn     0000000180139ba0 f   ethercat_sfun:c12_ethercat.obj
 0001:00138c00       c12_h_emlrt_marshallIn     0000000180139c00 f   ethercat_sfun:c12_ethercat.obj
 0001:00138c90       sf_opaque_terminate_c12_ethercat 0000000180139c90 f   ethercat_sfun:c12_ethercat.obj
 0001:00138d30       finalize_c12_ethercat      0000000180139d30 f   ethercat_sfun:c12_ethercat.obj
 0001:00138d40       mdlRTW_c12_ethercat        0000000180139d40 f   ethercat_sfun:c12_ethercat.obj
 0001:00139920       mdlProcessParameters_c2_ethercat 000000018013a920 f   ethercat_sfun:c2_ethercat.obj
 0001:00139a00       initialize_params_c2_ethercat 000000018013aa00 f   ethercat_sfun:c2_ethercat.obj
 0001:00139a10       mdlSetWorkWidths_c2_ethercat 000000018013aa10 f   ethercat_sfun:c2_ethercat.obj
 0001:00139f10       sf_get_instance_specialization 000000018013af10 f   ethercat_sfun:c2_ethercat.obj
 0001:00139f20       mdlStart_c2_ethercat       000000018013af20 f   ethercat_sfun:c2_ethercat.obj
 0001:0013a1a0       init_dsm_address_info      000000018013b1a0 f   ethercat_sfun:c2_ethercat.obj
 0001:0013a1b0       init_simulink_io_address   000000018013b1b0 f   ethercat_sfun:c2_ethercat.obj
 0001:0013a240       sf_get_sim_state_info_c2_ethercat 000000018013b240 f   ethercat_sfun:c2_ethercat.obj
 0001:0013a300       chart_debug_initialization 000000018013b300 f   ethercat_sfun:c2_ethercat.obj
 0001:0013ab60       init_script_number_translation 000000018013bb60 f   ethercat_sfun:c2_ethercat.obj
 0001:0013ab80       c2_sf_marshallOut          000000018013bb80 f   ethercat_sfun:c2_ethercat.obj
 0001:0013ac30       c2_sf_marshallIn           000000018013bc30 f   ethercat_sfun:c2_ethercat.obj
 0001:0013acd0       c2_b_emlrt_marshallIn      000000018013bcd0 f   ethercat_sfun:c2_ethercat.obj
 0001:0013ad60       c2_b_sf_marshallOut        000000018013bd60 f   ethercat_sfun:c2_ethercat.obj
 0001:0013ae10       c2_b_sf_marshallIn         000000018013be10 f   ethercat_sfun:c2_ethercat.obj
 0001:0013aeb0       c2_d_emlrt_marshallIn      000000018013beb0 f   ethercat_sfun:c2_ethercat.obj
 0001:0013af40       c2_c_sf_marshallOut        000000018013bf40 f   ethercat_sfun:c2_ethercat.obj
 0001:0013aff0       c2_c_sf_marshallIn         000000018013bff0 f   ethercat_sfun:c2_ethercat.obj
 0001:0013b090       c2_f_emlrt_marshallIn      000000018013c090 f   ethercat_sfun:c2_ethercat.obj
 0001:0013b120       sf_opaque_initialize_c2_ethercat 000000018013c120 f   ethercat_sfun:c2_ethercat.obj
 0001:0013b160       initialize_c2_ethercat     000000018013c160 f   ethercat_sfun:c2_ethercat.obj
 0001:0013b1d0       initSimStructsc2_ethercat  000000018013c1d0 f   ethercat_sfun:c2_ethercat.obj
 0001:0013b1e0       chart_debug_initialize_data_addresses 000000018013c1e0 f   ethercat_sfun:c2_ethercat.obj
 0001:0013b390       sf_opaque_enable_c2_ethercat 000000018013c390 f   ethercat_sfun:c2_ethercat.obj
 0001:0013b3b0       enable_c2_ethercat         000000018013c3b0 f   ethercat_sfun:c2_ethercat.obj
 0001:0013b3e0       sf_opaque_disable_c2_ethercat 000000018013c3e0 f   ethercat_sfun:c2_ethercat.obj
 0001:0013b400       disable_c2_ethercat        000000018013c400 f   ethercat_sfun:c2_ethercat.obj
 0001:0013b430       sf_opaque_gateway_c2_ethercat 000000018013c430 f   ethercat_sfun:c2_ethercat.obj
 0001:0013b450       sf_gateway_c2_ethercat     000000018013c450 f   ethercat_sfun:c2_ethercat.obj
 0001:0013bd10       sf_opaque_get_sim_state_c2_ethercat 000000018013cd10 f   ethercat_sfun:c2_ethercat.obj
 0001:0013bd60       get_sim_state_c2_ethercat  000000018013cd60 f   ethercat_sfun:c2_ethercat.obj
 0001:0013c020       sf_opaque_set_sim_state_c2_ethercat 000000018013d020 f   ethercat_sfun:c2_ethercat.obj
 0001:0013c070       set_sim_state_c2_ethercat  000000018013d070 f   ethercat_sfun:c2_ethercat.obj
 0001:0013c1d0       c2_update_debugger_state_c2_ethercat 000000018013d1d0 f   ethercat_sfun:c2_ethercat.obj
 0001:0013c1e0       c2_emlrt_marshallIn        000000018013d1e0 f   ethercat_sfun:c2_ethercat.obj
 0001:0013c250       c2_c_emlrt_marshallIn      000000018013d250 f   ethercat_sfun:c2_ethercat.obj
 0001:0013c2b0       c2_e_emlrt_marshallIn      000000018013d2b0 f   ethercat_sfun:c2_ethercat.obj
 0001:0013c310       c2_g_emlrt_marshallIn      000000018013d310 f   ethercat_sfun:c2_ethercat.obj
 0001:0013c370       c2_h_emlrt_marshallIn      000000018013d370 f   ethercat_sfun:c2_ethercat.obj
 0001:0013c400       sf_opaque_terminate_c2_ethercat 000000018013d400 f   ethercat_sfun:c2_ethercat.obj
 0001:0013c4a0       finalize_c2_ethercat       000000018013d4a0 f   ethercat_sfun:c2_ethercat.obj
 0001:0013c4b0       mdlRTW_c2_ethercat         000000018013d4b0 f   ethercat_sfun:c2_ethercat.obj
 0001:0013e2a0       mdlProcessParameters_c40_KINARM_loads 000000018013f2a0 f   KINARM_loads_sfun:c40_KINARM_loads.obj
 0001:0013e380       initialize_params_c40_KINARM_loads 000000018013f380 f   KINARM_loads_sfun:c40_KINARM_loads.obj
 0001:0013e390       mdlSetWorkWidths_c40_KINARM_loads 000000018013f390 f   KINARM_loads_sfun:c40_KINARM_loads.obj
 0001:0013e990       sf_get_instance_specialization 000000018013f990 f   KINARM_loads_sfun:c40_KINARM_loads.obj
 0001:0013e9a0       sf_set_sfun_dwork_info     000000018013f9a0 f   KINARM_loads_sfun:c40_KINARM_loads.obj
 0001:0013e9e0       mdlStart_c40_KINARM_loads  000000018013f9e0 f   KINARM_loads_sfun:c40_KINARM_loads.obj
 0001:0013ec70       init_dsm_address_info      000000018013fc70 f   KINARM_loads_sfun:c40_KINARM_loads.obj
 0001:0013ec80       init_simulink_io_address   000000018013fc80 f   KINARM_loads_sfun:c40_KINARM_loads.obj
 0001:0013ee60       sf_get_sim_state_info_c40_KINARM_loads 000000018013fe60 f   KINARM_loads_sfun:c40_KINARM_loads.obj
 0001:0013ef20       chart_debug_initialization 000000018013ff20 f   KINARM_loads_sfun:c40_KINARM_loads.obj
 0001:001407f0       init_script_number_translation 00000001801417f0 f   KINARM_loads_sfun:c40_KINARM_loads.obj
 0001:00140810       c40_d_sf_marshallOut       0000000180141810 f   KINARM_loads_sfun:c40_KINARM_loads.obj
 0001:001408c0       c40_d_sf_marshallIn        00000001801418c0 f   KINARM_loads_sfun:c40_KINARM_loads.obj
 0001:00140960       c40_f_emlrt_marshallIn     0000000180141960 f   KINARM_loads_sfun:c40_KINARM_loads.obj
 0001:001409f0       sf_opaque_initialize_c40_KINARM_loads 00000001801419f0 f   KINARM_loads_sfun:c40_KINARM_loads.obj
 0001:00140a40       initialize_c40_KINARM_loads 0000000180141a40 f   KINARM_loads_sfun:c40_KINARM_loads.obj
 0001:00140b80       initSimStructsc40_KINARM_loads 0000000180141b80 f   KINARM_loads_sfun:c40_KINARM_loads.obj
 0001:00140b90       chart_debug_initialize_data_addresses 0000000180141b90 f   KINARM_loads_sfun:c40_KINARM_loads.obj
 0001:00140e70       sf_check_dwork_consistency 0000000180141e70 f   KINARM_loads_sfun:c40_KINARM_loads.obj
 0001:00140f60       sf_opaque_enable_c40_KINARM_loads 0000000180141f60 f   KINARM_loads_sfun:c40_KINARM_loads.obj
 0001:00140f80       enable_c40_KINARM_loads    0000000180141f80 f   KINARM_loads_sfun:c40_KINARM_loads.obj
 0001:00140fb0       sf_opaque_disable_c40_KINARM_loads 0000000180141fb0 f   KINARM_loads_sfun:c40_KINARM_loads.obj
 0001:00140fd0       disable_c40_KINARM_loads   0000000180141fd0 f   KINARM_loads_sfun:c40_KINARM_loads.obj
 0001:00141000       sf_opaque_gateway_c40_KINARM_loads 0000000180142000 f   KINARM_loads_sfun:c40_KINARM_loads.obj
 0001:00141020       sf_gateway_c40_KINARM_loads 0000000180142020 f   KINARM_loads_sfun:c40_KINARM_loads.obj
 0001:001416f0       c40_set_sim_state_side_effects_c40_KINARM_loads 00000001801426f0 f   KINARM_loads_sfun:c40_KINARM_loads.obj
 0001:00141880       c40_chartstep_c40_KINARM_loads 0000000180142880 f   KINARM_loads_sfun:c40_KINARM_loads.obj
 0001:00146f20       c40_exit_internal_Ramp_Up_Main 0000000180147f20 f   KINARM_loads_sfun:c40_KINARM_loads.obj
 0001:00147340       sf_opaque_ext_mode_exec_c40_KINARM_loads 0000000180148340 f   KINARM_loads_sfun:c40_KINARM_loads.obj
 0001:00147360       ext_mode_exec_c40_KINARM_loads 0000000180148360 f   KINARM_loads_sfun:c40_KINARM_loads.obj
 0001:00147380       c40_update_debugger_state_c40_KINARM_loads 0000000180148380 f   KINARM_loads_sfun:c40_KINARM_loads.obj
 0001:00147d50       sf_opaque_get_sim_state_c40_KINARM_loads 0000000180148d50 f   KINARM_loads_sfun:c40_KINARM_loads.obj
 0001:00147da0       get_sim_state_c40_KINARM_loads 0000000180148da0 f   KINARM_loads_sfun:c40_KINARM_loads.obj
 0001:00148270       sf_opaque_set_sim_state_c40_KINARM_loads 0000000180149270 f   KINARM_loads_sfun:c40_KINARM_loads.obj
 0001:001482c0       set_sim_state_c40_KINARM_loads 00000001801492c0 f   KINARM_loads_sfun:c40_KINARM_loads.obj
 0001:00148530       c40_c_emlrt_marshallIn     0000000180149530 f   KINARM_loads_sfun:c40_KINARM_loads.obj
 0001:00148590       c40_d_emlrt_marshallIn     0000000180149590 f   KINARM_loads_sfun:c40_KINARM_loads.obj
 0001:00148620       c40_e_emlrt_marshallIn     0000000180149620 f   KINARM_loads_sfun:c40_KINARM_loads.obj
 0001:00148690       c40_g_emlrt_marshallIn     0000000180149690 f   KINARM_loads_sfun:c40_KINARM_loads.obj
 0001:001486f0       c40_h_emlrt_marshallIn     00000001801496f0 f   KINARM_loads_sfun:c40_KINARM_loads.obj
 0001:00148780       c40_i_emlrt_marshallIn     0000000180149780 f   KINARM_loads_sfun:c40_KINARM_loads.obj
 0001:00148800       c40_j_emlrt_marshallIn     0000000180149800 f   KINARM_loads_sfun:c40_KINARM_loads.obj
 0001:00148860       sf_opaque_terminate_c40_KINARM_loads 0000000180149860 f   KINARM_loads_sfun:c40_KINARM_loads.obj
 0001:00148900       finalize_c40_KINARM_loads  0000000180149900 f   KINARM_loads_sfun:c40_KINARM_loads.obj
 0001:00148930       sf_get_sfun_dwork_checksum 0000000180149930 f   KINARM_loads_sfun:c40_KINARM_loads.obj
 0001:00148940       mdlRTW_c40_KINARM_loads    0000000180149940 f   KINARM_loads_sfun:c40_KINARM_loads.obj
 0001:00149810       mdlProcessParameters_c39_KINARM_loads 000000018014a810 f   KINARM_loads_sfun:c39_KINARM_loads.obj
 0001:001498f0       initialize_params_c39_KINARM_loads 000000018014a8f0 f   KINARM_loads_sfun:c39_KINARM_loads.obj
 0001:00149900       mdlSetWorkWidths_c39_KINARM_loads 000000018014a900 f   KINARM_loads_sfun:c39_KINARM_loads.obj
 0001:00149f00       sf_get_instance_specialization 000000018014af00 f   KINARM_loads_sfun:c39_KINARM_loads.obj
 0001:00149f10       sf_set_sfun_dwork_info     000000018014af10 f   KINARM_loads_sfun:c39_KINARM_loads.obj
 0001:00149f50       mdlStart_c39_KINARM_loads  000000018014af50 f   KINARM_loads_sfun:c39_KINARM_loads.obj
 0001:0014a1e0       init_dsm_address_info      000000018014b1e0 f   KINARM_loads_sfun:c39_KINARM_loads.obj
 0001:0014a1f0       init_simulink_io_address   000000018014b1f0 f   KINARM_loads_sfun:c39_KINARM_loads.obj
 0001:0014a3d0       sf_get_sim_state_info_c39_KINARM_loads 000000018014b3d0 f   KINARM_loads_sfun:c39_KINARM_loads.obj
 0001:0014a490       chart_debug_initialization 000000018014b490 f   KINARM_loads_sfun:c39_KINARM_loads.obj
 0001:0014bd60       init_script_number_translation 000000018014cd60 f   KINARM_loads_sfun:c39_KINARM_loads.obj
 0001:0014bd80       c39_d_sf_marshallOut       000000018014cd80 f   KINARM_loads_sfun:c39_KINARM_loads.obj
 0001:0014be30       c39_d_sf_marshallIn        000000018014ce30 f   KINARM_loads_sfun:c39_KINARM_loads.obj
 0001:0014bed0       c39_f_emlrt_marshallIn     000000018014ced0 f   KINARM_loads_sfun:c39_KINARM_loads.obj
 0001:0014bf60       sf_opaque_initialize_c39_KINARM_loads 000000018014cf60 f   KINARM_loads_sfun:c39_KINARM_loads.obj
 0001:0014bfb0       initialize_c39_KINARM_loads 000000018014cfb0 f   KINARM_loads_sfun:c39_KINARM_loads.obj
 0001:0014c0f0       initSimStructsc39_KINARM_loads 000000018014d0f0 f   KINARM_loads_sfun:c39_KINARM_loads.obj
 0001:0014c100       chart_debug_initialize_data_addresses 000000018014d100 f   KINARM_loads_sfun:c39_KINARM_loads.obj
 0001:0014c3e0       sf_check_dwork_consistency 000000018014d3e0 f   KINARM_loads_sfun:c39_KINARM_loads.obj
 0001:0014c4d0       sf_opaque_enable_c39_KINARM_loads 000000018014d4d0 f   KINARM_loads_sfun:c39_KINARM_loads.obj
 0001:0014c4f0       enable_c39_KINARM_loads    000000018014d4f0 f   KINARM_loads_sfun:c39_KINARM_loads.obj
 0001:0014c520       sf_opaque_disable_c39_KINARM_loads 000000018014d520 f   KINARM_loads_sfun:c39_KINARM_loads.obj
 0001:0014c540       disable_c39_KINARM_loads   000000018014d540 f   KINARM_loads_sfun:c39_KINARM_loads.obj
 0001:0014c570       sf_opaque_gateway_c39_KINARM_loads 000000018014d570 f   KINARM_loads_sfun:c39_KINARM_loads.obj
 0001:0014c590       sf_gateway_c39_KINARM_loads 000000018014d590 f   KINARM_loads_sfun:c39_KINARM_loads.obj
 0001:0014cc60       c39_set_sim_state_side_effects_c39_KINARM_loads 000000018014dc60 f   KINARM_loads_sfun:c39_KINARM_loads.obj
 0001:0014cdf0       c39_chartstep_c39_KINARM_loads 000000018014ddf0 f   KINARM_loads_sfun:c39_KINARM_loads.obj
 0001:001524a0       c39_exit_internal_Ramp_Up_Main 00000001801534a0 f   KINARM_loads_sfun:c39_KINARM_loads.obj
 0001:001528c0       sf_opaque_ext_mode_exec_c39_KINARM_loads 00000001801538c0 f   KINARM_loads_sfun:c39_KINARM_loads.obj
 0001:001528e0       ext_mode_exec_c39_KINARM_loads 00000001801538e0 f   KINARM_loads_sfun:c39_KINARM_loads.obj
 0001:00152900       c39_update_debugger_state_c39_KINARM_loads 0000000180153900 f   KINARM_loads_sfun:c39_KINARM_loads.obj
 0001:001532d0       sf_opaque_get_sim_state_c39_KINARM_loads 00000001801542d0 f   KINARM_loads_sfun:c39_KINARM_loads.obj
 0001:00153320       get_sim_state_c39_KINARM_loads 0000000180154320 f   KINARM_loads_sfun:c39_KINARM_loads.obj
 0001:001537e0       sf_opaque_set_sim_state_c39_KINARM_loads 00000001801547e0 f   KINARM_loads_sfun:c39_KINARM_loads.obj
 0001:00153830       set_sim_state_c39_KINARM_loads 0000000180154830 f   KINARM_loads_sfun:c39_KINARM_loads.obj
 0001:00153aa0       c39_c_emlrt_marshallIn     0000000180154aa0 f   KINARM_loads_sfun:c39_KINARM_loads.obj
 0001:00153b00       c39_d_emlrt_marshallIn     0000000180154b00 f   KINARM_loads_sfun:c39_KINARM_loads.obj
 0001:00153b90       c39_e_emlrt_marshallIn     0000000180154b90 f   KINARM_loads_sfun:c39_KINARM_loads.obj
 0001:00153c00       c39_g_emlrt_marshallIn     0000000180154c00 f   KINARM_loads_sfun:c39_KINARM_loads.obj
 0001:00153c60       c39_h_emlrt_marshallIn     0000000180154c60 f   KINARM_loads_sfun:c39_KINARM_loads.obj
 0001:00153cf0       c39_i_emlrt_marshallIn     0000000180154cf0 f   KINARM_loads_sfun:c39_KINARM_loads.obj
 0001:00153d70       c39_j_emlrt_marshallIn     0000000180154d70 f   KINARM_loads_sfun:c39_KINARM_loads.obj
 0001:00153dd0       sf_opaque_terminate_c39_KINARM_loads 0000000180154dd0 f   KINARM_loads_sfun:c39_KINARM_loads.obj
 0001:00153e70       finalize_c39_KINARM_loads  0000000180154e70 f   KINARM_loads_sfun:c39_KINARM_loads.obj
 0001:00153ea0       sf_get_sfun_dwork_checksum 0000000180154ea0 f   KINARM_loads_sfun:c39_KINARM_loads.obj
 0001:00153eb0       mdlRTW_c39_KINARM_loads    0000000180154eb0 f   KINARM_loads_sfun:c39_KINARM_loads.obj
 0001:00154050       pre_c_init                 0000000180155050 f   MSVCRT:crtdll.obj
 0001:0015430c       __DllMainCRTStartup        000000018015530c f   MSVCRT:crtdll.obj
 0001:00154a00       __DllMainCRTStartup$filt$0 0000000180155a00 f   MSVCRT:crtdll.obj
 0001:00154a30       __DllMainCRTStartup$fin$1  0000000180155a30 f   MSVCRT:crtdll.obj
 0001:00154a4a       _onexit$fin$0              0000000180155a4a f   MSVCRT:atonexit.obj
 0001:00154a70       _IsNonwritableInCurrentImage$filt$0 0000000180155a70 f   MSVCRT:pesect.obj
